Archive member included because of file (symbol)

E:\bahan mata kuliah politeknik telkom\ganjil 2013-2014\Sistem Interoperabilitas\Project Arduino\HID_Keyboard\build\/lib_duemilanove328_16.a(hid.cpp.o)
                              build\HID_Keyboard.o (HID::SetProtocol(unsigned char, unsigned char))
E:\bahan mata kuliah politeknik telkom\ganjil 2013-2014\Sistem Interoperabilitas\Project Arduino\HID_Keyboard\build\/lib_duemilanove328_16.a(hidboot.cpp.o)
                              build\HID_Keyboard.o (KeyboardReportParser::Parse(HID*, bool, unsigned char, unsigned char*))
E:\bahan mata kuliah politeknik telkom\ganjil 2013-2014\Sistem Interoperabilitas\Project Arduino\HID_Keyboard\build\/lib_duemilanove328_16.a(parsetools.cpp.o)
                              build\HID_Keyboard.o (MultiByteValueParser::Parse(unsigned char**, unsigned int*))
E:\bahan mata kuliah politeknik telkom\ganjil 2013-2014\Sistem Interoperabilitas\Project Arduino\HID_Keyboard\build\/lib_duemilanove328_16.a(Usb.cpp.o)
                              build\HID_Keyboard.o (USB::USB())
E:\bahan mata kuliah politeknik telkom\ganjil 2013-2014\Sistem Interoperabilitas\Project Arduino\HID_Keyboard\build\/core_duemilanove328_16.a(HardwareSerial.cpp.o)
                              build\HID_Keyboard.o (Serial)
E:\bahan mata kuliah politeknik telkom\ganjil 2013-2014\Sistem Interoperabilitas\Project Arduino\HID_Keyboard\build\/core_duemilanove328_16.a(main.cpp.o)
                              e:/codeblocks-arduino baru/codeblocks/bin/../lib/gcc/avr/4.3.3/../../../../avr/lib/avr5/crtm328p.o (main)
E:\bahan mata kuliah politeknik telkom\ganjil 2013-2014\Sistem Interoperabilitas\Project Arduino\HID_Keyboard\build\/core_duemilanove328_16.a(new.cpp.o)
                              build\HID_Keyboard.o (__cxa_pure_virtual)
E:\bahan mata kuliah politeknik telkom\ganjil 2013-2014\Sistem Interoperabilitas\Project Arduino\HID_Keyboard\build\/core_duemilanove328_16.a(Print.cpp.o)
                              E:\bahan mata kuliah politeknik telkom\ganjil 2013-2014\Sistem Interoperabilitas\Project Arduino\HID_Keyboard\build\/core_duemilanove328_16.a(HardwareSerial.cpp.o) (Print::write(unsigned char const*, unsigned int))
E:\bahan mata kuliah politeknik telkom\ganjil 2013-2014\Sistem Interoperabilitas\Project Arduino\HID_Keyboard\build\/core_duemilanove328_16.a(wiring.c.o)
                              build\HID_Keyboard.o (millis)
E:\bahan mata kuliah politeknik telkom\ganjil 2013-2014\Sistem Interoperabilitas\Project Arduino\HID_Keyboard\build\/core_duemilanove328_16.a(WString.cpp.o)
                              E:\bahan mata kuliah politeknik telkom\ganjil 2013-2014\Sistem Interoperabilitas\Project Arduino\HID_Keyboard\build\/core_duemilanove328_16.a(Print.cpp.o) (String::operator[](unsigned int) const)
e:/codeblocks-arduino baru/codeblocks/bin/../lib/gcc/avr/4.3.3/../../../../avr/lib/avr5\libm.a(addsf3.o)
                              E:\bahan mata kuliah politeknik telkom\ganjil 2013-2014\Sistem Interoperabilitas\Project Arduino\HID_Keyboard\build\/core_duemilanove328_16.a(Print.cpp.o) (__subsf3)
e:/codeblocks-arduino baru/codeblocks/bin/../lib/gcc/avr/4.3.3/../../../../avr/lib/avr5\libm.a(addsf3x.o)
                              e:/codeblocks-arduino baru/codeblocks/bin/../lib/gcc/avr/4.3.3/../../../../avr/lib/avr5\libm.a(addsf3.o) (__addsf3x)
e:/codeblocks-arduino baru/codeblocks/bin/../lib/gcc/avr/4.3.3/../../../../avr/lib/avr5\libm.a(cmpsf2.o)
                              E:\bahan mata kuliah politeknik telkom\ganjil 2013-2014\Sistem Interoperabilitas\Project Arduino\HID_Keyboard\build\/core_duemilanove328_16.a(Print.cpp.o) (__ltsf2)
e:/codeblocks-arduino baru/codeblocks/bin/../lib/gcc/avr/4.3.3/../../../../avr/lib/avr5\libm.a(divsf3.o)
                              E:\bahan mata kuliah politeknik telkom\ganjil 2013-2014\Sistem Interoperabilitas\Project Arduino\HID_Keyboard\build\/core_duemilanove328_16.a(Print.cpp.o) (__divsf3)
e:/codeblocks-arduino baru/codeblocks/bin/../lib/gcc/avr/4.3.3/../../../../avr/lib/avr5\libm.a(divsf3x.o)
                              e:/codeblocks-arduino baru/codeblocks/bin/../lib/gcc/avr/4.3.3/../../../../avr/lib/avr5\libm.a(divsf3.o) (__divsf3x)
e:/codeblocks-arduino baru/codeblocks/bin/../lib/gcc/avr/4.3.3/../../../../avr/lib/avr5\libm.a(fixsfsi.o)
                              E:\bahan mata kuliah politeknik telkom\ganjil 2013-2014\Sistem Interoperabilitas\Project Arduino\HID_Keyboard\build\/core_duemilanove328_16.a(Print.cpp.o) (__fixsfsi)
e:/codeblocks-arduino baru/codeblocks/bin/../lib/gcc/avr/4.3.3/../../../../avr/lib/avr5\libm.a(fixunssfsi.o)
                              E:\bahan mata kuliah politeknik telkom\ganjil 2013-2014\Sistem Interoperabilitas\Project Arduino\HID_Keyboard\build\/core_duemilanove328_16.a(Print.cpp.o) (__fixunssfsi)
e:/codeblocks-arduino baru/codeblocks/bin/../lib/gcc/avr/4.3.3/../../../../avr/lib/avr5\libm.a(floatsisf.o)
[...]
Memory Configuration

Name             Origin             Length             Attributes
text             0x00000000         0x00020000         xr
data             0x00800060         0x0000ffa0         rw !x
eeprom           0x00810000         0x00010000         rw !x
fuse             0x00820000         0x00000400         rw !x
lock             0x00830000         0x00000400         rw !x
signature        0x00840000         0x00000400         rw !x
*default*        0x00000000         0xffffffff

Linker script and memory map

Address of section .data set to 0x800100
LOAD e:/codeblocks-arduino baru/codeblocks/bin/../lib/gcc/avr/4.3.3/../../../../avr/lib/avr5/crtm328p.o
LOAD build\HID_Keyboard.o
LOAD E:\bahan mata kuliah politeknik telkom\ganjil 2013-2014\Sistem Interoperabilitas\Project Arduino\HID_Keyboard\build\/lib_duemilanove328_16.a
LOAD E:\bahan mata kuliah politeknik telkom\ganjil 2013-2014\Sistem Interoperabilitas\Project Arduino\HID_Keyboard\build\/core_duemilanove328_16.a
LOAD e:/codeblocks-arduino baru/codeblocks/bin/../lib/gcc/avr/4.3.3/../../../../avr/lib/avr5\libm.a
LOAD e:/codeblocks-arduino baru/codeblocks/bin/../lib/gcc/avr/4.3.3/avr5\libgcc.a
LOAD e:/codeblocks-arduino baru/codeblocks/bin/../lib/gcc/avr/4.3.3/../../../../avr/lib/avr5\libc.a
LOAD e:/codeblocks-arduino baru/codeblocks/bin/../lib/gcc/avr/4.3.3/avr5\libgcc.a

.hash
 *(.hash)

.dynsym
 *(.dynsym)

.dynstr
 *(.dynstr)

.gnu.version
 *(.gnu.version)

.gnu.version_d
 *(.gnu.version_d)

.gnu.version_r
 *(.gnu.version_r)

.rel.init
 *(.rel.init)

.rela.init
 *(.rela.init)

.rel.text
 *(.rel.text)
 *(.rel.text.*)
 *(.rel.gnu.linkonce.t*)

.rela.text
 *(.rela.text)
 *(.rela.text.*)
 *(.rela.gnu.linkonce.t*)

.rel.fini
 *(.rel.fini)

.rela.fini
 *(.rela.fini)

.rel.rodata
 *(.rel.rodata)
 *(.rel.rodata.*)
 *(.rel.gnu.linkonce.r*)

.rela.rodata
 *(.rela.rodata)
 *(.rela.rodata.*)
 *(.rela.gnu.linkonce.r*)

.rel.data
 *(.rel.data)
 *(.rel.data.*)
 *(.rel.gnu.linkonce.d*)

.rela.data
 *(.rela.data)
 *(.rela.data.*)
 *(.rela.gnu.linkonce.d*)

.rel.ctors
 *(.rel.ctors)

.rela.ctors
 *(.rela.ctors)

.rel.dtors
 *(.rel.dtors)

.rela.dtors
 *(.rela.dtors)

.rel.got
 *(.rel.got)

.rela.got
 *(.rela.got)

.rel.bss
 *(.rel.bss)

.rela.bss
 *(.rela.bss)

.rel.plt
 *(.rel.plt)

.rela.plt
 *(.rela.plt)

.text           0x00000000     0x2b1a
 *(.vectors)
 .vectors       0x00000000       0x68 e:/codeblocks-arduino baru/codeblocks/bin/../lib/gcc/avr/4.3.3/../../../../avr/lib/avr5/crtm328p.o
                0x00000000                __vectors
                0x00000000                __vector_default
 *(.vectors)
 *(.progmem.gcc*)
 *(.progmem*)
 .progmem.data  0x00000068       0x27 E:\bahan mata kuliah politeknik telkom\ganjil 2013-2014\Sistem Interoperabilitas\Project Arduino\HID_Keyboard\build\/lib_duemilanove328_16.a(hidboot.cpp.o)
                0x00000068                KeyboardReportParser::numKeys
                0x0000007e                KeyboardReportParser::symKeysLo
                0x0000008a                KeyboardReportParser::padKeys
                0x00000072                KeyboardReportParser::symKeysUp
                0x00000090                . = ALIGN (0x2)
 *fill*         0x0000008f        0x1 00
                0x00000090                __trampolines_start = .
 *(.trampolines)
 .trampolines   0x00000090        0x0 linker stubs
 *(.trampolines*)
                0x00000090                __trampolines_end = .
 *(.jumptables)
 *(.jumptables*)
 *(.lowtext)
 *(.lowtext*)
                0x00000090                __ctors_start = .
 *(.ctors)
 .ctors         0x00000090        0x2 build\HID_Keyboard.o
 .ctors         0x00000092        0x2 E:\bahan mata kuliah politeknik telkom\ganjil 2013-2014\Sistem Interoperabilitas\Project Arduino\HID_Keyboard\build\/core_duemilanove328_16.a(HardwareSerial.cpp.o)
                0x00000094                __ctors_end = .
                0x00000094                __dtors_start = .
 *(.dtors)
                0x00000094                __dtors_end = .
 SORT(*)(.ctors)
 SORT(*)(.dtors)
 *(.init0)
 .init0         0x00000094        0x0 e:/codeblocks-arduino baru/codeblocks/bin/../lib/gcc/avr/4.3.3/../../../../avr/lib/avr5/crtm328p.o
                0x00000094                __init
 *(.init0)
 *(.init1)
 *(.init1)
 *(.init2)
 .init2         0x00000094        0xc e:/codeblocks-arduino baru/codeblocks/bin/../lib/gcc/avr/4.3.3/../../../../avr/lib/avr5/crtm328p.o
 *(.init2)
 *(.init3)
 *(.init3)
 *(.init4)
 .init4         0x000000a0       0x16 e:/codeblocks-arduino baru/codeblocks/bin/../lib/gcc/avr/4.3.3/avr5\libgcc.a(_copy_data.o)
                0x000000a0                __do_copy_data
 .init4         0x000000b6       0x10 e:/codeblocks-arduino baru/codeblocks/bin/../lib/gcc/avr/4.3.3/avr5\libgcc.a(_clear_bss.o)
                0x000000b6                __do_clear_bss
 *(.init4)
 *(.init5)
 *(.init5)
 *(.init6)
 .init6         0x000000c6       0x16 e:/codeblocks-arduino baru/codeblocks/bin/../lib/gcc/avr/4.3.3/avr5\libgcc.a(_ctors.o)
                0x000000c6                __do_global_ctors
 *(.init6)
 *(.init7)
 *(.init7)
 *(.init8)
 *(.init8)
 *(.init9)
 .init9         0x000000dc        0x8 e:/codeblocks-arduino baru/codeblocks/bin/../lib/gcc/avr/4.3.3/../../../../avr/lib/avr5/crtm328p.o
 *(.init9)
 *(.text)
 .text          0x000000e4        0x4 e:/codeblocks-arduino baru/codeblocks/bin/../lib/gcc/avr/4.3.3/../../../../avr/lib/avr5/crtm328p.o
                0x000000e4                __vector_22
                0x000000e4                __vector_1
                0x000000e4                __vector_24
                0x000000e4                __vector_12
                0x000000e4                __bad_interrupt
                0x000000e4                __vector_6
                0x000000e4                __vector_3
                0x000000e4                __vector_23
                0x000000e4                __vector_25
                0x000000e4                __vector_11
                0x000000e4                __vector_13
                0x000000e4                __vector_17
                0x000000e4                __vector_7
                0x000000e4                __vector_5
                0x000000e4                __vector_4
                0x000000e4                __vector_9
                0x000000e4                __vector_2
                0x000000e4                __vector_21
                0x000000e4                __vector_15
                0x000000e4                __vector_8
                0x000000e4                __vector_14
                0x000000e4                __vector_10
                0x000000e4                __vector_20
                0x000000e8                . = ALIGN (0x2)
 *(.text.*)
 .text._ZN15USBDeviceConfig15ConfigureDeviceEhhb
                0x000000e8        0x4 build\HID_Keyboard.o
                0x000000e8                USBDeviceConfig::ConfigureDevice(unsigned char, unsigned char, bool)
 .text._ZN15USBDeviceConfig12ResetHubPortEh
                0x000000ec        0x2 build\HID_Keyboard.o
                0x000000ec                USBDeviceConfig::ResetHubPort(unsigned char)
 .text._ZN15USBDeviceConfig8VIDPIDOKEjj
                0x000000ee        0x4 build\HID_Keyboard.o
                0x000000ee                USBDeviceConfig::VIDPIDOK(unsigned int, unsigned int)
 .text._ZN15USBDeviceConfig10DEVCLASSOKEh
                0x000000f2        0x4 build\HID_Keyboard.o
                0x000000f2                USBDeviceConfig::DEVCLASSOK(unsigned char)
 .text._ZN12KbdRptParser7OnKeyUpEhh
                0x000000f6        0x2 build\HID_Keyboard.o
                0x000000f6                KbdRptParser::OnKeyUp(unsigned char, unsigned char)
 .text._ZN7HIDBootILh1EE15SetReportParserEhP15HIDReportParser
                0x000000f8       0x14 build\HID_Keyboard.o
                0x000000f8                HIDBoot<(unsigned char)1>::SetReportParser(unsigned char, HIDReportParser*)
 .text._ZN8MAX3421eI4TPinI5PortbLh2EES0_IS1_Lh1EEE5regWrEhh
                0x0000010c       0x18 build\HID_Keyboard.o
                0x0000010c                MAX3421e<TPin<Portb, (unsigned char)2>, TPin<Portb, (unsigned char)1> >::regWr(unsigned char, unsigned char)
 .text._ZN8MAX3421eI4TPinI5PortbLh2EES0_IS1_Lh1EEE5regRdEh
                0x00000124       0x18 build\HID_Keyboard.o
                0x00000124                MAX3421e<TPin<Portb, (unsigned char)2>, TPin<Portb, (unsigned char)1> >::regRd(unsigned char)
 .text._ZN8MAX3421eI4TPinI5PortbLh2EES0_IS1_Lh1EEE4InitEv
                0x0000013c      0x128 build\HID_Keyboard.o
                0x0000013c                MAX3421e<TPin<Portb, (unsigned char)2>, TPin<Portb, (unsigned char)1> >::Init()
 .text._ZN7HIDBootILh1EE7ReleaseEv
                0x00000264       0x54 build\HID_Keyboard.o
                0x00000264                HIDBoot<(unsigned char)1>::Release()
 .text._ZN7HIDBootILh1EE10GetAddressEv
                0x000002b8        0x6 build\HID_Keyboard.o
                0x000002b8                HIDBoot<(unsigned char)1>::GetAddress()
 .text._ZN7HIDBootILh1EE15GetReportParserEh
                0x000002be       0x12 build\HID_Keyboard.o
                0x000002be                HIDBoot<(unsigned char)1>::GetReportParser(unsigned char)
 .text._ZThn2_N7HIDBootILh1EE14EndpointXtractEhhhhPK23USB_ENDPOINT_DESCRIPTOR
                0x000002d0       0x14 build\HID_Keyboard.o
                0x000002d0                non-virtual thunk to HIDBoot<(unsigned char)1>::EndpointXtract(unsigned char, unsigned char, unsigned char, unsigned char, USB_ENDPOINT_DESCRIPTOR const*)
 .text._ZN7HIDBootILh1EE14EndpointXtractEhhhhPK23USB_ENDPOINT_DESCRIPTOR
                0x000002e4       0x72 build\HID_Keyboard.o
                0x000002e4                HIDBoot<(unsigned char)1>::EndpointXtract(unsigned char, unsigned char, unsigned char, unsigned char, USB_ENDPOINT_DESCRIPTOR const*)
 .text._GLOBAL__I__ZN12KbdRptParser8PrintKeyEhh
                0x00000356       0xb8 build\HID_Keyboard.o
 .text._ZN7HIDBootILh1EE4PollEv
                0x0000040e       0xbe build\HID_Keyboard.o
                0x0000040e                HIDBoot<(unsigned char)1>::Poll()
 .text._ZN7HIDBootILh1EE4InitEhhb
                0x000004cc      0x2c2 build\HID_Keyboard.o
                0x000004cc                HIDBoot<(unsigned char)1>::Init(unsigned char, unsigned char, bool)
 .text._ZN16ConfigDescParserILh3ELh1ELh1ELh7EE15ParseDescriptorEPPhPj
                0x0000078e      0x1d0 build\HID_Keyboard.o
                0x0000078e                ConfigDescParser<(unsigned char)3, (unsigned char)1, (unsigned char)1, (unsigned char)7>::ParseDescriptor(unsigned char**, unsigned int*)
 .text._ZN16ConfigDescParserILh3ELh1ELh1ELh7EE5ParseEjPKhRKj
                0x0000095e       0x66 build\HID_Keyboard.o
                0x0000095e                ConfigDescParser<(unsigned char)3, (unsigned char)1, (unsigned char)1, (unsigned char)7>::Parse(unsigned int, unsigned char const*, unsigned int const&)
 .text.loop     0x000009c4        0xa build\HID_Keyboard.o
                0x000009c4                loop
 .text._ZN12KbdRptParser20OnControlKeysChangedEhh
                0x000009ce       0xa0 build\HID_Keyboard.o
                0x000009ce                KbdRptParser::OnControlKeysChanged(unsigned char, unsigned char)
 .text.setup    0x00000a6e       0x6a build\HID_Keyboard.o
                0x00000a6e                setup
 .text._ZN12KbdRptParser12OnKeyPressedEh
                0x00000ad8       0x18 build\HID_Keyboard.o
                0x00000ad8                KbdRptParser::OnKeyPressed(unsigned char)
 .text._ZN12KbdRptParser9OnKeyDownEhh
                0x00000af0       0x38 build\HID_Keyboard.o
                0x00000af0                KbdRptParser::OnKeyDown(unsigned char, unsigned char)
 .text._ZN3HID11SetProtocolEhh
                0x00000b28       0x78 E:\bahan mata kuliah politeknik telkom\ganjil 2013-2014\Sistem Interoperabilitas\Project Arduino\HID_Keyboard\build\/lib_duemilanove328_16.a(hid.cpp.o)
                0x00000b28                HID::SetProtocol(unsigned char, unsigned char)
 .text._ZN3HID7SetIdleEhhh
                0x00000ba0       0x78 E:\bahan mata kuliah politeknik telkom\ganjil 2013-2014\Sistem Interoperabilitas\Project Arduino\HID_Keyboard\build\/lib_duemilanove328_16.a(hid.cpp.o)
                0x00000ba0                HID::SetIdle(unsigned char, unsigned char, unsigned char)
 .text._ZN3HID9SetReportEhhhhjPh
                0x00000c18       0x84 E:\bahan mata kuliah politeknik telkom\ganjil 2013-2014\Sistem Interoperabilitas\Project Arduino\HID_Keyboard\build\/lib_duemilanove328_16.a(hid.cpp.o)
                0x00000c18                HID::SetReport(unsigned char, unsigned char, unsigned char, unsigned char, unsigned int, unsigned char*)
 .text._ZN20KeyboardReportParser5ParseEP3HIDbhPh
                0x00000c9c      0x148 E:\bahan mata kuliah politeknik telkom\ganjil 2013-2014\Sistem Interoperabilitas\Project Arduino\HID_Keyboard\build\/lib_duemilanove328_16.a(hidboot.cpp.o)
                0x00000c9c                KeyboardReportParser::Parse(HID*, bool, unsigned char, unsigned char*)
 .text._ZN20KeyboardReportParser10OemToAsciiEhh
                0x00000de4       0xd4 E:\bahan mata kuliah politeknik telkom\ganjil 2013-2014\Sistem Interoperabilitas\Project Arduino\HID_Keyboard\build\/lib_duemilanove328_16.a(hidboot.cpp.o)
                0x00000de4                KeyboardReportParser::OemToAscii(unsigned char, unsigned char)
 .text._ZN20KeyboardReportParser17HandleLockingKeysEP3HIDh
                0x00000eb8       0x86 E:\bahan mata kuliah politeknik telkom\ganjil 2013-2014\Sistem Interoperabilitas\Project Arduino\HID_Keyboard\build\/lib_duemilanove328_16.a(hidboot.cpp.o)
                0x00000eb8                KeyboardReportParser::HandleLockingKeys(HID*, unsigned char)
 .text._ZN20MultiByteValueParser5ParseEPPhPj
                0x00000f3e       0x70 E:\bahan mata kuliah politeknik telkom\ganjil 2013-2014\Sistem Interoperabilitas\Project Arduino\HID_Keyboard\build\/lib_duemilanove328_16.a(parsetools.cpp.o)
                0x00000f3e                MultiByteValueParser::Parse(unsigned char**, unsigned int*)
 .text._ZN15AddressPoolImplILh16EEC1Ev
                0x00000fae       0x54 E:\bahan mata kuliah politeknik telkom\ganjil 2013-2014\Sistem Interoperabilitas\Project Arduino\HID_Keyboard\build\/lib_duemilanove328_16.a(Usb.cpp.o)
                0x00000fae                AddressPoolImpl<(unsigned char)16>::AddressPoolImpl()
 .text._ZN3USBC1Ev
                0x00001002       0x1e E:\bahan mata kuliah politeknik telkom\ganjil 2013-2014\Sistem Interoperabilitas\Project Arduino\HID_Keyboard\build\/lib_duemilanove328_16.a(Usb.cpp.o)
                0x00001002                USB::USB()
 .text._ZN15AddressPoolImplILh16EE15GetUsbDevicePtrEh
                0x00001020       0x3a E:\bahan mata kuliah politeknik telkom\ganjil 2013-2014\Sistem Interoperabilitas\Project Arduino\HID_Keyboard\build\/lib_duemilanove328_16.a(Usb.cpp.o)
                0x00001020                AddressPoolImpl<(unsigned char)16>::GetUsbDevicePtr(unsigned char)
 .text._ZN3USB14setEpInfoEntryEhhP6EpInfo
                0x0000105a       0x3a E:\bahan mata kuliah politeknik telkom\ganjil 2013-2014\Sistem Interoperabilitas\Project Arduino\HID_Keyboard\build\/lib_duemilanove328_16.a(Usb.cpp.o)
                0x0000105a                USB::setEpInfoEntry(unsigned char, unsigned char, EpInfo*)
 .text._ZN3USB14getEpInfoEntryEhh
                0x00001094       0x38 E:\bahan mata kuliah politeknik telkom\ganjil 2013-2014\Sistem Interoperabilitas\Project Arduino\HID_Keyboard\build\/lib_duemilanove328_16.a(Usb.cpp.o)
                0x00001094                USB::getEpInfoEntry(unsigned char, unsigned char)
 .text._ZN3USB10SetAddressEhhPP6EpInfoRj
                0x000010cc       0xda E:\bahan mata kuliah politeknik telkom\ganjil 2013-2014\Sistem Interoperabilitas\Project Arduino\HID_Keyboard\build\/lib_duemilanove328_16.a(Usb.cpp.o)
                0x000010cc                USB::SetAddress(unsigned char, unsigned char, EpInfo**, unsigned int&)
 .text._ZN15AddressPoolImplILh16EE12AllocAddressEhbh
                0x000011a6       0xf2 E:\bahan mata kuliah politeknik telkom\ganjil 2013-2014\Sistem Interoperabilitas\Project Arduino\HID_Keyboard\build\/lib_duemilanove328_16.a(Usb.cpp.o)
                0x000011a6                AddressPoolImpl<(unsigned char)16>::AllocAddress(unsigned char, bool, unsigned char)
 .text._ZN8MAX3421eI4TPinI5PortbLh2EES0_IS1_Lh1EEE10IntHandlerEv
                0x00001298       0x9a E:\bahan mata kuliah politeknik telkom\ganjil 2013-2014\Sistem Interoperabilitas\Project Arduino\HID_Keyboard\build\/lib_duemilanove328_16.a(Usb.cpp.o)
                0x00001298                MAX3421e<TPin<Portb, (unsigned char)2>, TPin<Portb, (unsigned char)1> >::IntHandler()
 .text._ZN15AddressPoolImplILh16EE18FreeAddressByIndexEh
                0x00001332       0xc6 E:\bahan mata kuliah politeknik telkom\ganjil 2013-2014\Sistem Interoperabilitas\Project Arduino\HID_Keyboard\build\/lib_duemilanove328_16.a(Usb.cpp.o)
                0x00001332                AddressPoolImpl<(unsigned char)16>::FreeAddressByIndex(unsigned char)
 .text._ZN15AddressPoolImplILh16EE11FreeAddressEh
                0x000013f8       0x48 E:\bahan mata kuliah politeknik telkom\ganjil 2013-2014\Sistem Interoperabilitas\Project Arduino\HID_Keyboard\build\/lib_duemilanove328_16.a(Usb.cpp.o)
                0x000013f8                AddressPoolImpl<(unsigned char)16>::FreeAddress(unsigned char)
 .text._ZN3USB13AttemptConfigEhhhb
                0x00001440      0x144 E:\bahan mata kuliah politeknik telkom\ganjil 2013-2014\Sistem Interoperabilitas\Project Arduino\HID_Keyboard\build\/lib_duemilanove328_16.a(Usb.cpp.o)
                0x00001440                USB::AttemptConfig(unsigned char, unsigned char, unsigned char, bool)
 .text._ZN3USB11dispatchPktEhhj
                0x00001584       0xd6 E:\bahan mata kuliah politeknik telkom\ganjil 2013-2014\Sistem Interoperabilitas\Project Arduino\HID_Keyboard\build\/lib_duemilanove328_16.a(Usb.cpp.o)
                0x00001584                USB::dispatchPkt(unsigned char, unsigned char, unsigned int)
 .text._ZN3USB10InTransferEP6EpInfojPjPh
                0x0000165a      0x194 E:\bahan mata kuliah politeknik telkom\ganjil 2013-2014\Sistem Interoperabilitas\Project Arduino\HID_Keyboard\build\/lib_duemilanove328_16.a(Usb.cpp.o)
                0x0000165a                USB::InTransfer(EpInfo*, unsigned int, unsigned int*, unsigned char*)
 .text._ZN3USB10inTransferEhhPjPh
                0x000017ee       0x6e E:\bahan mata kuliah politeknik telkom\ganjil 2013-2014\Sistem Interoperabilitas\Project Arduino\HID_Keyboard\build\/lib_duemilanove328_16.a(Usb.cpp.o)
                0x000017ee                USB::inTransfer(unsigned char, unsigned char, unsigned int*, unsigned char*)
 .text._ZN3USB11OutTransferEP6EpInfojjPh
                0x0000185c      0x276 E:\bahan mata kuliah politeknik telkom\ganjil 2013-2014\Sistem Interoperabilitas\Project Arduino\HID_Keyboard\build\/lib_duemilanove328_16.a(Usb.cpp.o)
                0x0000185c                USB::OutTransfer(EpInfo*, unsigned int, unsigned int, unsigned char*)
 .text._ZN3USB7ctrlReqEhhhhhhjjjPhP13USBReadParser
                0x00001ad2      0x1f6 E:\bahan mata kuliah politeknik telkom\ganjil 2013-2014\Sistem Interoperabilitas\Project Arduino\HID_Keyboard\build\/lib_duemilanove328_16.a(Usb.cpp.o)
                0x00001ad2                USB::ctrlReq(unsigned char, unsigned char, unsigned char, unsigned char, unsigned char, unsigned char, unsigned int, unsigned int, unsigned int, unsigned char*, USBReadParser*)
 .text._ZN3USB7setConfEhhh
                0x00001cc8       0x64 E:\bahan mata kuliah politeknik telkom\ganjil 2013-2014\Sistem Interoperabilitas\Project Arduino\HID_Keyboard\build\/lib_duemilanove328_16.a(Usb.cpp.o)
                0x00001cc8                USB::setConf(unsigned char, unsigned char, unsigned char)
 .text._ZN3USB7setAddrEhhh
                0x00001d2c       0x64 E:\bahan mata kuliah politeknik telkom\ganjil 2013-2014\Sistem Interoperabilitas\Project Arduino\HID_Keyboard\build\/lib_duemilanove328_16.a(Usb.cpp.o)
                0x00001d2c                USB::setAddr(unsigned char, unsigned char, unsigned char)
 .text._ZN3USB17DefaultAddressingEhhb
                0x00001d90       0x88 E:\bahan mata kuliah politeknik telkom\ganjil 2013-2014\Sistem Interoperabilitas\Project Arduino\HID_Keyboard\build\/lib_duemilanove328_16.a(Usb.cpp.o)
                0x00001d90                USB::DefaultAddressing(unsigned char, unsigned char, bool)
 .text._ZN3USB12getConfDescrEhhjhPh
                0x00001e18       0x6a E:\bahan mata kuliah politeknik telkom\ganjil 2013-2014\Sistem Interoperabilitas\Project Arduino\HID_Keyboard\build\/lib_duemilanove328_16.a(Usb.cpp.o)
                0x00001e18                USB::getConfDescr(unsigned char, unsigned char, unsigned int, unsigned char, unsigned char*)
 .text._ZN3USB12getConfDescrEhhhP13USBReadParser
                0x00001e82       0xda E:\bahan mata kuliah politeknik telkom\ganjil 2013-2014\Sistem Interoperabilitas\Project Arduino\HID_Keyboard\build\/lib_duemilanove328_16.a(Usb.cpp.o)
                0x00001e82                USB::getConfDescr(unsigned char, unsigned char, unsigned char, USBReadParser*)
 .text._ZN3USB11getDevDescrEhhjPh
                0x00001f5c       0x68 E:\bahan mata kuliah politeknik telkom\ganjil 2013-2014\Sistem Interoperabilitas\Project Arduino\HID_Keyboard\build\/lib_duemilanove328_16.a(Usb.cpp.o)
                0x00001f5c                USB::getDevDescr(unsigned char, unsigned char, unsigned int, unsigned char*)
 .text._ZN3USB11ConfiguringEhhb
                0x00001fc4      0x1f4 E:\bahan mata kuliah politeknik telkom\ganjil 2013-2014\Sistem Interoperabilitas\Project Arduino\HID_Keyboard\build\/lib_duemilanove328_16.a(Usb.cpp.o)
                0x00001fc4                USB::Configuring(unsigned char, unsigned char, bool)
 .text._ZN3USB4TaskEv
                0x000021b8      0x212 E:\bahan mata kuliah politeknik telkom\ganjil 2013-2014\Sistem Interoperabilitas\Project Arduino\HID_Keyboard\build\/lib_duemilanove328_16.a(Usb.cpp.o)
                0x000021b8                USB::Task()
 .text._Z11serialEventv
                0x000023ca        0x2 E:\bahan mata kuliah politeknik telkom\ganjil 2013-2014\Sistem Interoperabilitas\Project Arduino\HID_Keyboard\build\/core_duemilanove328_16.a(HardwareSerial.cpp.o)
                0x000023ca                serialEvent()
 .text.__vector_18
                0x000023cc       0x76 E:\bahan mata kuliah politeknik telkom\ganjil 2013-2014\Sistem Interoperabilitas\Project Arduino\HID_Keyboard\build\/core_duemilanove328_16.a(HardwareSerial.cpp.o)
                0x000023cc                __vector_18
 .text._Z14serialEventRunv
                0x00002442       0x26 E:\bahan mata kuliah politeknik telkom\ganjil 2013-2014\Sistem Interoperabilitas\Project Arduino\HID_Keyboard\build\/core_duemilanove328_16.a(HardwareSerial.cpp.o)
                0x00002442                serialEventRun()
 .text.__vector_19
                0x00002468       0x76 E:\bahan mata kuliah politeknik telkom\ganjil 2013-2014\Sistem Interoperabilitas\Project Arduino\HID_Keyboard\build\/core_duemilanove328_16.a(HardwareSerial.cpp.o)
                0x00002468                __vector_19
 .text._ZN14HardwareSerial5beginEm
                0x000024de      0x10e E:\bahan mata kuliah politeknik telkom\ganjil 2013-2014\Sistem Interoperabilitas\Project Arduino\HID_Keyboard\build\/core_duemilanove328_16.a(HardwareSerial.cpp.o)
                0x000024de                HardwareSerial::begin(unsigned long)
 .text._ZN14HardwareSerial9availableEv
                0x000025ec       0x22 E:\bahan mata kuliah politeknik telkom\ganjil 2013-2014\Sistem Interoperabilitas\Project Arduino\HID_Keyboard\build\/core_duemilanove328_16.a(HardwareSerial.cpp.o)
                0x000025ec                HardwareSerial::available()
 .text._ZN14HardwareSerial4peekEv
                0x0000260e       0x40 E:\bahan mata kuliah politeknik telkom\ganjil 2013-2014\Sistem Interoperabilitas\Project Arduino\HID_Keyboard\build\/core_duemilanove328_16.a(HardwareSerial.cpp.o)
                0x0000260e                HardwareSerial::peek()
 .text._ZN14HardwareSerial4readEv
                0x0000264e       0x52 E:\bahan mata kuliah politeknik telkom\ganjil 2013-2014\Sistem Interoperabilitas\Project Arduino\HID_Keyboard\build\/core_duemilanove328_16.a(HardwareSerial.cpp.o)
                0x0000264e                HardwareSerial::read()
 .text._ZN14HardwareSerial5flushEv
                0x000026a0       0x20 E:\bahan mata kuliah politeknik telkom\ganjil 2013-2014\Sistem Interoperabilitas\Project Arduino\HID_Keyboard\build\/core_duemilanove328_16.a(HardwareSerial.cpp.o)
                0x000026a0                HardwareSerial::flush()
 .text._ZN14HardwareSerial5writeEh
                0x000026c0       0x80 E:\bahan mata kuliah politeknik telkom\ganjil 2013-2014\Sistem Interoperabilitas\Project Arduino\HID_Keyboard\build\/core_duemilanove328_16.a(HardwareSerial.cpp.o)
                0x000026c0                HardwareSerial::write(unsigned char)
 .text._GLOBAL__I_rx_buffer
                0x00002740       0xac E:\bahan mata kuliah politeknik telkom\ganjil 2013-2014\Sistem Interoperabilitas\Project Arduino\HID_Keyboard\build\/core_duemilanove328_16.a(HardwareSerial.cpp.o)
 .text.main     0x000027ec       0x1e E:\bahan mata kuliah politeknik telkom\ganjil 2013-2014\Sistem Interoperabilitas\Project Arduino\HID_Keyboard\build\/core_duemilanove328_16.a(main.cpp.o)
                0x000027ec                main
 .text._ZN5Print5writeEPKhj
                0x0000280a       0x54 E:\bahan mata kuliah politeknik telkom\ganjil 2013-2014\Sistem Interoperabilitas\Project Arduino\HID_Keyboard\build\/core_duemilanove328_16.a(Print.cpp.o)
                0x0000280a                Print::write(unsigned char const*, unsigned int)
 .text._ZN5Print5printEc
                0x0000285e       0x10 E:\bahan mata kuliah politeknik telkom\ganjil 2013-2014\Sistem Interoperabilitas\Project Arduino\HID_Keyboard\build\/core_duemilanove328_16.a(Print.cpp.o)
                0x0000285e                Print::print(char)
 .text._ZN5Print7printlnEv
                0x0000286e       0x40 E:\bahan mata kuliah politeknik telkom\ganjil 2013-2014\Sistem Interoperabilitas\Project Arduino\HID_Keyboard\build\/core_duemilanove328_16.a(Print.cpp.o)
                0x0000286e                Print::println()
 .text._ZN5Print5writeEPKc
                0x000028ae       0x38 E:\bahan mata kuliah politeknik telkom\ganjil 2013-2014\Sistem Interoperabilitas\Project Arduino\HID_Keyboard\build\/core_duemilanove328_16.a(Print.cpp.o)
                0x000028ae                Print::write(char const*)
 .text._ZN5Print7printlnEPKc
                0x000028e6       0x26 E:\bahan mata kuliah politeknik telkom\ganjil 2013-2014\Sistem Interoperabilitas\Project Arduino\HID_Keyboard\build\/core_duemilanove328_16.a(Print.cpp.o)
                0x000028e6                Print::println(char const*)
 .text.__vector_16
                0x0000290c       0x90 E:\bahan mata kuliah politeknik telkom\ganjil 2013-2014\Sistem Interoperabilitas\Project Arduino\HID_Keyboard\build\/core_duemilanove328_16.a(wiring.c.o)
                0x0000290c                __vector_16
 .text.millis   0x0000299c       0x1c E:\bahan mata kuliah politeknik telkom\ganjil 2013-2014\Sistem Interoperabilitas\Project Arduino\HID_Keyboard\build\/core_duemilanove328_16.a(wiring.c.o)
                0x0000299c                millis
 .text.micros   0x000029b8       0x4c E:\bahan mata kuliah politeknik telkom\ganjil 2013-2014\Sistem Interoperabilitas\Project Arduino\HID_Keyboard\build\/core_duemilanove328_16.a(wiring.c.o)
                0x000029b8                micros
 .text.delay    0x00002a04       0x4c E:\bahan mata kuliah politeknik telkom\ganjil 2013-2014\Sistem Interoperabilitas\Project Arduino\HID_Keyboard\build\/core_duemilanove328_16.a(wiring.c.o)
                0x00002a04                delay
 .text.init     0x00002a50       0x76 E:\bahan mata kuliah politeknik telkom\ganjil 2013-2014\Sistem Interoperabilitas\Project Arduino\HID_Keyboard\build\/core_duemilanove328_16.a(wiring.c.o)
                0x00002a50                init
 .text.libgcc   0x00002ac6       0x44 e:/codeblocks-arduino baru/codeblocks/bin/../lib/gcc/avr/4.3.3/avr5\libgcc.a(_udivmodsi4.o)
                0x00002ac6                __udivmodsi4
 .text.libgcc   0x00002b0a        0xc e:/codeblocks-arduino baru/codeblocks/bin/../lib/gcc/avr/4.3.3/avr5\libgcc.a(_tablejump.o)
                0x00002b0e                __tablejump__
                0x00002b0a                __tablejump2__
                0x00002b16                . = ALIGN (0x2)
 *(.fini9)
 .fini9         0x00002b16        0x0 e:/codeblocks-arduino baru/codeblocks/bin/../lib/gcc/avr/4.3.3/avr5\libgcc.a(_exit.o)
                0x00002b16                exit
                0x00002b16                _exit
 *(.fini9)
 *(.fini8)
 *(.fini8)
 *(.fini7)
 *(.fini7)
 *(.fini6)
 *(.fini6)
 *(.fini5)
 *(.fini5)
 *(.fini4)
 *(.fini4)
 *(.fini3)
 *(.fini3)
 *(.fini2)
 *(.fini2)
 *(.fini1)
 *(.fini1)
 *(.fini0)
 .fini0         0x00002b16        0x4 e:/codeblocks-arduino baru/codeblocks/bin/../lib/gcc/avr/4.3.3/avr5\libgcc.a(_exit.o)
 *(.fini0)
                0x00002b1a                _etext = .

.data           0x00800100      0x11c load address 0x00002b1a
                0x00800100                PROVIDE (__data_start, .)
 *(.data)
 .data          0x00800100       0xcc build\HID_Keyboard.o
 *(.data*)
 *(.rodata)
 *(.rodata*)
 .rodata._ZTV12KbdRptParser
                0x008001cc       0x10 build\HID_Keyboard.o
                0x008001cc                vtable for KbdRptParser
 .rodata._ZTV7HIDBootILh1EE
                0x008001dc       0x20 build\HID_Keyboard.o
                0x008001dc                vtable for HIDBoot<(unsigned char)1>
 .rodata._ZTV16ConfigDescParserILh3ELh1ELh1ELh7EE
                0x008001fc        0x6 build\HID_Keyboard.o
                0x008001fc                vtable for ConfigDescParser<(unsigned char)3, (unsigned char)1, (unsigned char)1, (unsigned char)7>
 .rodata._ZTV15AddressPoolImplILh16EE
                0x00800202        0xa E:\bahan mata kuliah politeknik telkom\ganjil 2013-2014\Sistem Interoperabilitas\Project Arduino\HID_Keyboard\build\/lib_duemilanove328_16.a(Usb.cpp.o)
                0x00800202                vtable for AddressPoolImpl<(unsigned char)16>
 .rodata._ZTV14HardwareSerial
                0x0080020c       0x10 E:\bahan mata kuliah politeknik telkom\ganjil 2013-2014\Sistem Interoperabilitas\Project Arduino\HID_Keyboard\build\/core_duemilanove328_16.a(HardwareSerial.cpp.o)
                0x0080020c                vtable for HardwareSerial
 *(.gnu.linkonce.d*)
                0x0080021c                . = ALIGN (0x2)
                0x0080021c                _edata = .
                0x0080021c                PROVIDE (__data_end, .)

.bss            0x0080021c      0x158
                0x0080021c                PROVIDE (__bss_start, .)
 *(.bss)
 *(.bss*)
 .bss.Usb       0x0080021c       0x77 build\HID_Keyboard.o
                0x0080021c                Usb
 .bss.HidKeyboard
                0x00800293       0x18 build\HID_Keyboard.o
                0x00800293                HidKeyboard
 .bss.next_time
                0x008002ab        0x4 build\HID_Keyboard.o
                0x008002ab                next_time
 .bss.Prs       0x008002af        0xb build\HID_Keyboard.o
                0x008002af                Prs
 .bss._ZN8MAX3421eI4TPinI5PortbLh2EES0_IS1_Lh1EEE9vbusStateE
                0x008002ba        0x1 build\HID_Keyboard.o
                0x008002ba                MAX3421e<TPin<Portb, (unsigned char)2>, TPin<Portb, (unsigned char)1> >::vbusState
 .bss._ZL14usb_task_state
                0x008002bb        0x1 E:\bahan mata kuliah politeknik telkom\ganjil 2013-2014\Sistem Interoperabilitas\Project Arduino\HID_Keyboard\build\/lib_duemilanove328_16.a(Usb.cpp.o)
 .bss._ZL9usb_error
                0x008002bc        0x1 E:\bahan mata kuliah politeknik telkom\ganjil 2013-2014\Sistem Interoperabilitas\Project Arduino\HID_Keyboard\build\/lib_duemilanove328_16.a(Usb.cpp.o)
 .bss._ZZN3USB4TaskEvE5delay
                0x008002bd        0x4 E:\bahan mata kuliah politeknik telkom\ganjil 2013-2014\Sistem Interoperabilitas\Project Arduino\HID_Keyboard\build\/lib_duemilanove328_16.a(Usb.cpp.o)
 .bss.rx_buffer
                0x008002c1       0x44 E:\bahan mata kuliah politeknik telkom\ganjil 2013-2014\Sistem Interoperabilitas\Project Arduino\HID_Keyboard\build\/core_duemilanove328_16.a(HardwareSerial.cpp.o)
                0x008002c1                rx_buffer
 .bss.tx_buffer
                0x00800305       0x44 E:\bahan mata kuliah politeknik telkom\ganjil 2013-2014\Sistem Interoperabilitas\Project Arduino\HID_Keyboard\build\/core_duemilanove328_16.a(HardwareSerial.cpp.o)
                0x00800305                tx_buffer
 .bss.Serial    0x00800349       0x22 E:\bahan mata kuliah politeknik telkom\ganjil 2013-2014\Sistem Interoperabilitas\Project Arduino\HID_Keyboard\build\/core_duemilanove328_16.a(HardwareSerial.cpp.o)
                0x00800349                Serial
 .bss.timer0_overflow_count
                0x0080036b        0x4 E:\bahan mata kuliah politeknik telkom\ganjil 2013-2014\Sistem Interoperabilitas\Project Arduino\HID_Keyboard\build\/core_duemilanove328_16.a(wiring.c.o)
                0x0080036b                timer0_overflow_count
 .bss.timer0_millis
                0x0080036f        0x4 E:\bahan mata kuliah politeknik telkom\ganjil 2013-2014\Sistem Interoperabilitas\Project Arduino\HID_Keyboard\build\/core_duemilanove328_16.a(wiring.c.o)
                0x0080036f                timer0_millis
 .bss.timer0_fract
                0x00800373        0x1 E:\bahan mata kuliah politeknik telkom\ganjil 2013-2014\Sistem Interoperabilitas\Project Arduino\HID_Keyboard\build\/core_duemilanove328_16.a(wiring.c.o)
 *(COMMON)
                0x00800374                PROVIDE (__bss_end, .)
                0x00002b1a                __data_load_start = LOADADDR (.data)
                0x00002c36                __data_load_end = (__data_load_start + SIZEOF (.data))

.noinit         0x00800374        0x0
                0x00800374                PROVIDE (__noinit_start, .)
 *(.noinit*)
                0x00800374                PROVIDE (__noinit_end, .)
                0x00800374                _end = .
                0x00800374                PROVIDE (__heap_start, .)

.eeprom         0x00810000        0x0
 *(.eeprom*)
                0x00810000                __eeprom_end = .

.fuse
 *(.fuse)
 *(.lfuse)
 *(.hfuse)
 *(.efuse)

.lock
 *(.lock*)

.signature
 *(.signature*)

.stab
 *(.stab)

.stabstr
 *(.stabstr)

.stab.excl
 *(.stab.excl)

.stab.exclstr
 *(.stab.exclstr)

.stab.index
 *(.stab.index)

.stab.indexstr
 *(.stab.indexstr)

.comment
 *(.comment)

.debug
 *(.debug)

.line
 *(.line)

.debug_srcinfo
 *(.debug_srcinfo)

.debug_sfnames
 *(.debug_sfnames)

.debug_aranges
 *(.debug_aranges)

.debug_pubnames
 *(.debug_pubnames)

.debug_info
 *(.debug_info)
 *(.gnu.linkonce.wi.*)

.debug_abbrev
 *(.debug_abbrev)

.debug_line
 *(.debug_line)

.debug_frame
 *(.debug_frame)

.debug_str
 *(.debug_str)

.debug_loc
 *(.debug_loc)

.debug_macinfo
 *(.debug_macinfo)
OUTPUT(build\HID_Keyboard_duemilanove328.elf elf32-avr)
LOAD linker stubs

Cross Reference Table

Symbol                                            File
AddressPoolImpl<(unsigned char)16>::AddressPoolImpl() E:\bahan mata kuliah politeknik telkom\ganjil 2013-2014\Sistem Interoperabilitas\Project Arduino\HID_Keyboard\build\/lib_duemilanove328_16.a(Usb.cpp.o)
AddressPoolImpl<(unsigned char)16>::AllocAddress(unsigned char, bool, unsigned char) E:\bahan mata kuliah politeknik telkom\ganjil 2013-2014\Sistem Interoperabilitas\Project Arduino\HID_Keyboard\build\/lib_duemilanove328_16.a(Usb.cpp.o)
AddressPoolImpl<(unsigned char)16>::FreeAddress(unsigned char) E:\bahan mata kuliah politeknik telkom\ganjil 2013-2014\Sistem Interoperabilitas\Project Arduino\HID_Keyboard\build\/lib_duemilanove328_16.a(Usb.cpp.o)
AddressPoolImpl<(unsigned char)16>::FreeAddressByIndex(unsigned char) E:\bahan mata kuliah politeknik telkom\ganjil 2013-2014\Sistem Interoperabilitas\Project Arduino\HID_Keyboard\build\/lib_duemilanove328_16.a(Usb.cpp.o)
AddressPoolImpl<(unsigned char)16>::GetUsbDevicePtr(unsigned char) E:\bahan mata kuliah politeknik telkom\ganjil 2013-2014\Sistem Interoperabilitas\Project Arduino\HID_Keyboard\build\/lib_duemilanove328_16.a(Usb.cpp.o)
ConfigDescParser<(unsigned char)3, (unsigned char)1, (unsigned char)1, (unsigned char)7>::Parse(unsigned int, unsigned char const*, unsigned int const&) build\HID_Keyboard.o
ConfigDescParser<(unsigned char)3, (unsigned char)1, (unsigned char)1, (unsigned char)7>::ParseDescriptor(unsigned char**, unsigned int*) build\HID_Keyboard.o
HID::GetIdle(unsigned char, unsigned char, unsigned char*) E:\bahan mata kuliah politeknik telkom\ganjil 2013-2014\Sistem Interoperabilitas\Project Arduino\HID_Keyboard\build\/lib_duemilanove328_16.a(hid.cpp.o)
HID::GetProtocol(unsigned char, unsigned char*)   E:\bahan mata kuliah politeknik telkom\ganjil 2013-2014\Sistem Interoperabilitas\Project Arduino\HID_Keyboard\build\/lib_duemilanove328_16.a(hid.cpp.o)
HID::GetReport(unsigned char, unsigned char, unsigned char, unsigned char, unsigned int, unsigned char*) E:\bahan mata kuliah politeknik telkom\ganjil 2013-2014\Sistem Interoperabilitas\Project Arduino\HID_Keyboard\build\/lib_duemilanove328_16.a(hid.cpp.o)
HID::GetReportDescr(unsigned char, USBReadParser*) E:\bahan mata kuliah politeknik telkom\ganjil 2013-2014\Sistem Interoperabilitas\Project Arduino\HID_Keyboard\build\/lib_duemilanove328_16.a(hid.cpp.o)
HID::PrintEndpointDescriptor(USB_ENDPOINT_DESCRIPTOR const*) E:\bahan mata kuliah politeknik telkom\ganjil 2013-2014\Sistem Interoperabilitas\Project Arduino\HID_Keyboard\build\/lib_duemilanove328_16.a(hid.cpp.o)
HID::PrintHidDescriptor(USB_HID_DESCRIPTOR const*) E:\bahan mata kuliah politeknik telkom\ganjil 2013-2014\Sistem Interoperabilitas\Project Arduino\HID_Keyboard\build\/lib_duemilanove328_16.a(hid.cpp.o)
HID::SetIdle(unsigned char, unsigned char, unsigned char) E:\bahan mata kuliah politeknik telkom\ganjil 2013-2014\Sistem Interoperabilitas\Project Arduino\HID_Keyboard\build\/lib_duemilanove328_16.a(hid.cpp.o)
                                                  build\HID_Keyboard.o
HID::SetProtocol(unsigned char, unsigned char)    E:\bahan mata kuliah politeknik telkom\ganjil 2013-2014\Sistem Interoperabilitas\Project Arduino\HID_Keyboard\build\/lib_duemilanove328_16.a(hid.cpp.o)
                                                  build\HID_Keyboard.o
HID::SetReport(unsigned char, unsigned char, unsigned char, unsigned char, unsigned int, unsigned char*) E:\bahan mata kuliah politeknik telkom\ganjil 2013-2014\Sistem Interoperabilitas\Project Arduino\HID_Keyboard\build\/lib_duemilanove328_16.a(hid.cpp.o)
                                                  E:\bahan mata kuliah politeknik telkom\ganjil 2013-2014\Sistem Interoperabilitas\Project Arduino\HID_Keyboard\build\/lib_duemilanove328_16.a(hidboot.cpp.o)
HIDBoot<(unsigned char)1>::EndpointXtract(unsigned char, unsigned char, unsigned char, unsigned char, USB_ENDPOINT_DESCRIPTOR const*) build\HID_Keyboard.o
HIDBoot<(unsigned char)1>::GetAddress()           build\HID_Keyboard.o
HIDBoot<(unsigned char)1>::GetReportParser(unsigned char) build\HID_Keyboard.o
HIDBoot<(unsigned char)1>::Init(unsigned char, unsigned char, bool) build\HID_Keyboard.o
HIDBoot<(unsigned char)1>::Poll()                 build\HID_Keyboard.o
HIDBoot<(unsigned char)1>::Release()              build\HID_Keyboard.o
HIDBoot<(unsigned char)1>::SetReportParser(unsigned char, HIDReportParser*) build\HID_Keyboard.o
HardwareSerial::HardwareSerial(ring_buffer*, ring_buffer*, unsigned char volatile*, unsigned char volatile*, unsigned char volatile*, unsigned char volatile*, unsigned char volatile*, unsigned char volatile*, unsigned char, unsigned char, unsigned char, unsigned char, unsigned char) E:\bahan mata kuliah politeknik telkom\ganjil 2013-2014\Sistem Interoperabilitas\Project Arduino\HID_Keyboard\build\/core_duemilanove328_16.a(HardwareSerial.cpp.o)
HardwareSerial::HardwareSerial(ring_buffer*, ring_buffer*, unsigned char volatile*, unsigned char volatile*, unsigned char volatile*, unsigned char volatile*, unsigned char volatile*, unsigned char volatile*, unsigned char, unsigned char, unsigned char, unsigned char, unsigned char) E:\bahan mata kuliah politeknik telkom\ganjil 2013-2014\Sistem Interoperabilitas\Project Arduino\HID_Keyboard\build\/core_duemilanove328_16.a(HardwareSerial.cpp.o)
HardwareSerial::available()                       E:\bahan mata kuliah politeknik telkom\ganjil 2013-2014\Sistem Interoperabilitas\Project Arduino\HID_Keyboard\build\/core_duemilanove328_16.a(HardwareSerial.cpp.o)
HardwareSerial::begin(unsigned long)              E:\bahan mata kuliah politeknik telkom\ganjil 2013-2014\Sistem Interoperabilitas\Project Arduino\HID_Keyboard\build\/core_duemilanove328_16.a(HardwareSerial.cpp.o)
                                                  build\HID_Keyboard.o
HardwareSerial::begin(unsigned long, unsigned char) E:\bahan mata kuliah politeknik telkom\ganjil 2013-2014\Sistem Interoperabilitas\Project Arduino\HID_Keyboard\build\/core_duemilanove328_16.a(HardwareSerial.cpp.o)
HardwareSerial::end()                             E:\bahan mata kuliah politeknik telkom\ganjil 2013-2014\Sistem Interoperabilitas\Project Arduino\HID_Keyboard\build\/core_duemilanove328_16.a(HardwareSerial.cpp.o)
HardwareSerial::flush()                           E:\bahan mata kuliah politeknik telkom\ganjil 2013-2014\Sistem Interoperabilitas\Project Arduino\HID_Keyboard\build\/core_duemilanove328_16.a(HardwareSerial.cpp.o)
HardwareSerial::operator bool()                   E:\bahan mata kuliah politeknik telkom\ganjil 2013-2014\Sistem Interoperabilitas\Project Arduino\HID_Keyboard\build\/core_duemilanove328_16.a(HardwareSerial.cpp.o)
HardwareSerial::peek()                            E:\bahan mata kuliah politeknik telkom\ganjil 2013-2014\Sistem Interoperabilitas\Project Arduino\HID_Keyboard\build\/core_duemilanove328_16.a(HardwareSerial.cpp.o)
HardwareSerial::read()                            E:\bahan mata kuliah politeknik telkom\ganjil 2013-2014\Sistem Interoperabilitas\Project Arduino\HID_Keyboard\build\/core_duemilanove328_16.a(HardwareSerial.cpp.o)
HardwareSerial::write(unsigned char)              E:\bahan mata kuliah politeknik telkom\ganjil 2013-2014\Sistem Interoperabilitas\Project Arduino\HID_Keyboard\build\/core_duemilanove328_16.a(HardwareSerial.cpp.o)
HidKeyboard                                       build\HID_Keyboard.o
KbdRptParser::OnControlKeysChanged(unsigned char, unsigned char) build\HID_Keyboard.o
KbdRptParser::OnKeyDown(unsigned char, unsigned char) build\HID_Keyboard.o
KbdRptParser::OnKeyPressed(unsigned char)         build\HID_Keyboard.o
KbdRptParser::OnKeyUp(unsigned char, unsigned char) build\HID_Keyboard.o
KbdRptParser::PrintKey(unsigned char, unsigned char) build\HID_Keyboard.o
KeyboardReportParser::HandleLockingKeys(HID*, unsigned char) E:\bahan mata kuliah politeknik telkom\ganjil 2013-2014\Sistem Interoperabilitas\Project Arduino\HID_Keyboard\build\/lib_duemilanove328_16.a(hidboot.cpp.o)
                                                  build\HID_Keyboard.o
KeyboardReportParser::OemToAscii(unsigned char, unsigned char) E:\bahan mata kuliah politeknik telkom\ganjil 2013-2014\Sistem Interoperabilitas\Project Arduino\HID_Keyboard\build\/lib_duemilanove328_16.a(hidboot.cpp.o)
                                                  build\HID_Keyboard.o
KeyboardReportParser::OnControlKeysChanged(unsigned char, unsigned char) E:\bahan mata kuliah politeknik telkom\ganjil 2013-2014\Sistem Interoperabilitas\Project Arduino\HID_Keyboard\build\/lib_duemilanove328_16.a(hidboot.cpp.o)
KeyboardReportParser::OnKeyDown(unsigned char, unsigned char) E:\bahan mata kuliah politeknik telkom\ganjil 2013-2014\Sistem Interoperabilitas\Project Arduino\HID_Keyboard\build\/lib_duemilanove328_16.a(hidboot.cpp.o)
KeyboardReportParser::OnKeyUp(unsigned char, unsigned char) E:\bahan mata kuliah politeknik telkom\ganjil 2013-2014\Sistem Interoperabilitas\Project Arduino\HID_Keyboard\build\/lib_duemilanove328_16.a(hidboot.cpp.o)
KeyboardReportParser::Parse(HID*, bool, unsigned char, unsigned char*) E:\bahan mata kuliah politeknik telkom\ganjil 2013-2014\Sistem Interoperabilitas\Project Arduino\HID_Keyboard\build\/lib_duemilanove328_16.a(hidboot.cpp.o)
                                                  build\HID_Keyboard.o
KeyboardReportParser::numKeys                     E:\bahan mata kuliah politeknik telkom\ganjil 2013-2014\Sistem Interoperabilitas\Project Arduino\HID_Keyboard\build\/lib_duemilanove328_16.a(hidboot.cpp.o)
KeyboardReportParser::padKeys                     E:\bahan mata kuliah politeknik telkom\ganjil 2013-2014\Sistem Interoperabilitas\Project Arduino\HID_Keyboard\build\/lib_duemilanove328_16.a(hidboot.cpp.o)
KeyboardReportParser::symKeysLo                   E:\bahan mata kuliah politeknik telkom\ganjil 2013-2014\Sistem Interoperabilitas\Project Arduino\HID_Keyboard\build\/lib_duemilanove328_16.a(hidboot.cpp.o)
KeyboardReportParser::symKeysUp                   E:\bahan mata kuliah politeknik telkom\ganjil 2013-2014\Sistem Interoperabilitas\Project Arduino\HID_Keyboard\build\/lib_duemilanove328_16.a(hidboot.cpp.o)
MAX3421e<TPin<Portb, (unsigned char)2>, TPin<Portb, (unsigned char)1> >::Init() build\HID_Keyboard.o
MAX3421e<TPin<Portb, (unsigned char)2>, TPin<Portb, (unsigned char)1> >::IntHandler() E:\bahan mata kuliah politeknik telkom\ganjil 2013-2014\Sistem Interoperabilitas\Project Arduino\HID_Keyboard\build\/lib_duemilanove328_16.a(Usb.cpp.o)
MAX3421e<TPin<Portb, (unsigned char)2>, TPin<Portb, (unsigned char)1> >::regRd(unsigned char) build\HID_Keyboard.o
MAX3421e<TPin<Portb, (unsigned char)2>, TPin<Portb, (unsigned char)1> >::regWr(unsigned char, unsigned char) build\HID_Keyboard.o
MAX3421e<TPin<Portb, (unsigned char)2>, TPin<Portb, (unsigned char)1> >::vbusState build\HID_Keyboard.o
MouseReportParser::OnLeftButtonDown(MOUSEINFO*)   E:\bahan mata kuliah politeknik telkom\ganjil 2013-2014\Sistem Interoperabilitas\Project Arduino\HID_Keyboard\build\/lib_duemilanove328_16.a(hidboot.cpp.o)
MouseReportParser::OnLeftButtonUp(MOUSEINFO*)     E:\bahan mata kuliah politeknik telkom\ganjil 2013-2014\Sistem Interoperabilitas\Project Arduino\HID_Keyboard\build\/lib_duemilanove328_16.a(hidboot.cpp.o)
MouseReportParser::OnMiddleButtonDown(MOUSEINFO*) E:\bahan mata kuliah politeknik telkom\ganjil 2013-2014\Sistem Interoperabilitas\Project Arduino\HID_Keyboard\build\/lib_duemilanove328_16.a(hidboot.cpp.o)
MouseReportParser::OnMiddleButtonUp(MOUSEINFO*)   E:\bahan mata kuliah politeknik telkom\ganjil 2013-2014\Sistem Interoperabilitas\Project Arduino\HID_Keyboard\build\/lib_duemilanove328_16.a(hidboot.cpp.o)
MouseReportParser::OnMouseMove(MOUSEINFO*)        E:\bahan mata kuliah politeknik telkom\ganjil 2013-2014\Sistem Interoperabilitas\Project Arduino\HID_Keyboard\build\/lib_duemilanove328_16.a(hidboot.cpp.o)
MouseReportParser::OnRightButtonDown(MOUSEINFO*)  E:\bahan mata kuliah politeknik telkom\ganjil 2013-2014\Sistem Interoperabilitas\Project Arduino\HID_Keyboard\build\/lib_duemilanove328_16.a(hidboot.cpp.o)
MouseReportParser::OnRightButtonUp(MOUSEINFO*)    E:\bahan mata kuliah politeknik telkom\ganjil 2013-2014\Sistem Interoperabilitas\Project Arduino\HID_Keyboard\build\/lib_duemilanove328_16.a(hidboot.cpp.o)
MouseReportParser::Parse(HID*, bool, unsigned char, unsigned char*) E:\bahan mata kuliah politeknik telkom\ganjil 2013-2014\Sistem Interoperabilitas\Project Arduino\HID_Keyboard\build\/lib_duemilanove328_16.a(hidboot.cpp.o)
MultiByteValueParser::Parse(unsigned char**, unsigned int*) E:\bahan mata kuliah politeknik telkom\ganjil 2013-2014\Sistem Interoperabilitas\Project Arduino\HID_Keyboard\build\/lib_duemilanove328_16.a(parsetools.cpp.o)
                                                  build\HID_Keyboard.o
PTPListParser::Parse(unsigned char**, unsigned int*, void (*)(MultiValueBuffer const*, unsigned long, void const*), void const*) E:\bahan mata kuliah politeknik telkom\ganjil 2013-2014\Sistem Interoperabilitas\Project Arduino\HID_Keyboard\build\/lib_duemilanove328_16.a(parsetools.cpp.o)
Print::print(Printable const&)                    E:\bahan mata kuliah politeknik telkom\ganjil 2013-2014\Sistem Interoperabilitas\Project Arduino\HID_Keyboard\build\/core_duemilanove328_16.a(Print.cpp.o)
Print::print(String const&)                       E:\bahan mata kuliah politeknik telkom\ganjil 2013-2014\Sistem Interoperabilitas\Project Arduino\HID_Keyboard\build\/core_duemilanove328_16.a(Print.cpp.o)
Print::print(__FlashStringHelper const*)          E:\bahan mata kuliah politeknik telkom\ganjil 2013-2014\Sistem Interoperabilitas\Project Arduino\HID_Keyboard\build\/core_duemilanove328_16.a(Print.cpp.o)
Print::print(char const*)                         E:\bahan mata kuliah politeknik telkom\ganjil 2013-2014\Sistem Interoperabilitas\Project Arduino\HID_Keyboard\build\/core_duemilanove328_16.a(Print.cpp.o)
Print::print(char)                                E:\bahan mata kuliah politeknik telkom\ganjil 2013-2014\Sistem Interoperabilitas\Project Arduino\HID_Keyboard\build\/core_duemilanove328_16.a(Print.cpp.o)
                                                  build\HID_Keyboard.o
Print::print(double, int)                         E:\bahan mata kuliah politeknik telkom\ganjil 2013-2014\Sistem Interoperabilitas\Project Arduino\HID_Keyboard\build\/core_duemilanove328_16.a(Print.cpp.o)
Print::print(int, int)                            E:\bahan mata kuliah politeknik telkom\ganjil 2013-2014\Sistem Interoperabilitas\Project Arduino\HID_Keyboard\build\/core_duemilanove328_16.a(Print.cpp.o)
Print::print(long, int)                           E:\bahan mata kuliah politeknik telkom\ganjil 2013-2014\Sistem Interoperabilitas\Project Arduino\HID_Keyboard\build\/core_duemilanove328_16.a(Print.cpp.o)
Print::print(unsigned char, int)                  E:\bahan mata kuliah politeknik telkom\ganjil 2013-2014\Sistem Interoperabilitas\Project Arduino\HID_Keyboard\build\/core_duemilanove328_16.a(Print.cpp.o)
Print::print(unsigned int, int)                   E:\bahan mata kuliah politeknik telkom\ganjil 2013-2014\Sistem Interoperabilitas\Project Arduino\HID_Keyboard\build\/core_duemilanove328_16.a(Print.cpp.o)
Print::print(unsigned long, int)                  E:\bahan mata kuliah politeknik telkom\ganjil 2013-2014\Sistem Interoperabilitas\Project Arduino\HID_Keyboard\build\/core_duemilanove328_16.a(Print.cpp.o)
Print::printFloat(double, unsigned char)          E:\bahan mata kuliah politeknik telkom\ganjil 2013-2014\Sistem Interoperabilitas\Project Arduino\HID_Keyboard\build\/core_duemilanove328_16.a(Print.cpp.o)
Print::printNumber(unsigned long, unsigned char)  E:\bahan mata kuliah politeknik telkom\ganjil 2013-2014\Sistem Interoperabilitas\Project Arduino\HID_Keyboard\build\/core_duemilanove328_16.a(Print.cpp.o)
Print::println()                                  E:\bahan mata kuliah politeknik telkom\ganjil 2013-2014\Sistem Interoperabilitas\Project Arduino\HID_Keyboard\build\/core_duemilanove328_16.a(Print.cpp.o)
                                                  build\HID_Keyboard.o
Print::println(Printable const&)                  E:\bahan mata kuliah politeknik telkom\ganjil 2013-2014\Sistem Interoperabilitas\Project Arduino\HID_Keyboard\build\/core_duemilanove328_16.a(Print.cpp.o)
Print::println(String const&)                     E:\bahan mata kuliah politeknik telkom\ganjil 2013-2014\Sistem Interoperabilitas\Project Arduino\HID_Keyboard\build\/core_duemilanove328_16.a(Print.cpp.o)
Print::println(__FlashStringHelper const*)        E:\bahan mata kuliah politeknik telkom\ganjil 2013-2014\Sistem Interoperabilitas\Project Arduino\HID_Keyboard\build\/core_duemilanove328_16.a(Print.cpp.o)
Print::println(char const*)                       E:\bahan mata kuliah politeknik telkom\ganjil 2013-2014\Sistem Interoperabilitas\Project Arduino\HID_Keyboard\build\/core_duemilanove328_16.a(Print.cpp.o)
                                                  build\HID_Keyboard.o
Print::println(char)                              E:\bahan mata kuliah politeknik telkom\ganjil 2013-2014\Sistem Interoperabilitas\Project Arduino\HID_Keyboard\build\/core_duemilanove328_16.a(Print.cpp.o)
Print::println(double, int)                       E:\bahan mata kuliah politeknik telkom\ganjil 2013-2014\Sistem Interoperabilitas\Project Arduino\HID_Keyboard\build\/core_duemilanove328_16.a(Print.cpp.o)
Print::println(int, int)                          E:\bahan mata kuliah politeknik telkom\ganjil 2013-2014\Sistem Interoperabilitas\Project Arduino\HID_Keyboard\build\/core_duemilanove328_16.a(Print.cpp.o)
Print::println(long, int)                         E:\bahan mata kuliah politeknik telkom\ganjil 2013-2014\Sistem Interoperabilitas\Project Arduino\HID_Keyboard\build\/core_duemilanove328_16.a(Print.cpp.o)
Print::println(unsigned char, int)                E:\bahan mata kuliah politeknik telkom\ganjil 2013-2014\Sistem Interoperabilitas\Project Arduino\HID_Keyboard\build\/core_duemilanove328_16.a(Print.cpp.o)
Print::println(unsigned int, int)                 E:\bahan mata kuliah politeknik telkom\ganjil 2013-2014\Sistem Interoperabilitas\Project Arduino\HID_Keyboard\build\/core_duemilanove328_16.a(Print.cpp.o)
Print::println(unsigned long, int)                E:\bahan mata kuliah politeknik telkom\ganjil 2013-2014\Sistem Interoperabilitas\Project Arduino\HID_Keyboard\build\/core_duemilanove328_16.a(Print.cpp.o)
Print::write(char const*)                         E:\bahan mata kuliah politeknik telkom\ganjil 2013-2014\Sistem Interoperabilitas\Project Arduino\HID_Keyboard\build\/core_duemilanove328_16.a(Print.cpp.o)
Print::write(unsigned char const*, unsigned int)  E:\bahan mata kuliah politeknik telkom\ganjil 2013-2014\Sistem Interoperabilitas\Project Arduino\HID_Keyboard\build\/core_duemilanove328_16.a(Print.cpp.o)
                                                  E:\bahan mata kuliah politeknik telkom\ganjil 2013-2014\Sistem Interoperabilitas\Project Arduino\HID_Keyboard\build\/core_duemilanove328_16.a(HardwareSerial.cpp.o)
Prs                                               build\HID_Keyboard.o
Serial                                            E:\bahan mata kuliah politeknik telkom\ganjil 2013-2014\Sistem Interoperabilitas\Project Arduino\HID_Keyboard\build\/core_duemilanove328_16.a(HardwareSerial.cpp.o)
                                                  build\HID_Keyboard.o
String::String(String const&)                     E:\bahan mata kuliah politeknik telkom\ganjil 2013-2014\Sistem Interoperabilitas\Project Arduino\HID_Keyboard\build\/core_duemilanove328_16.a(WString.cpp.o)
String::String(String const&)                     E:\bahan mata kuliah politeknik telkom\ganjil 2013-2014\Sistem Interoperabilitas\Project Arduino\HID_Keyboard\build\/core_duemilanove328_16.a(WString.cpp.o)
String::String(char const*)                       E:\bahan mata kuliah politeknik telkom\ganjil 2013-2014\Sistem Interoperabilitas\Project Arduino\HID_Keyboard\build\/core_duemilanove328_16.a(WString.cpp.o)
String::String(char const*)                       E:\bahan mata kuliah politeknik telkom\ganjil 2013-2014\Sistem Interoperabilitas\Project Arduino\HID_Keyboard\build\/core_duemilanove328_16.a(WString.cpp.o)
String::String(char)                              E:\bahan mata kuliah politeknik telkom\ganjil 2013-2014\Sistem Interoperabilitas\Project Arduino\HID_Keyboard\build\/core_duemilanove328_16.a(WString.cpp.o)
String::String(char)                              E:\bahan mata kuliah politeknik telkom\ganjil 2013-2014\Sistem Interoperabilitas\Project Arduino\HID_Keyboard\build\/core_duemilanove328_16.a(WString.cpp.o)
String::String(int, unsigned char)                E:\bahan mata kuliah politeknik telkom\ganjil 2013-2014\Sistem Interoperabilitas\Project Arduino\HID_Keyboard\build\/core_duemilanove328_16.a(WString.cpp.o)
String::String(int, unsigned char)                E:\bahan mata kuliah politeknik telkom\ganjil 2013-2014\Sistem Interoperabilitas\Project Arduino\HID_Keyboard\build\/core_duemilanove328_16.a(WString.cpp.o)
String::String(long, unsigned char)               E:\bahan mata kuliah politeknik telkom\ganjil 2013-2014\Sistem Interoperabilitas\Project Arduino\HID_Keyboard\build\/core_duemilanove328_16.a(WString.cpp.o)
String::String(long, unsigned char)               E:\bahan mata kuliah politeknik telkom\ganjil 2013-2014\Sistem Interoperabilitas\Project Arduino\HID_Keyboard\build\/core_duemilanove328_16.a(WString.cpp.o)
String::String(unsigned char, unsigned char)      E:\bahan mata kuliah politeknik telkom\ganjil 2013-2014\Sistem Interoperabilitas\Project Arduino\HID_Keyboard\build\/core_duemilanove328_16.a(WString.cpp.o)
String::String(unsigned char, unsigned char)      E:\bahan mata kuliah politeknik telkom\ganjil 2013-2014\Sistem Interoperabilitas\Project Arduino\HID_Keyboard\build\/core_duemilanove328_16.a(WString.cpp.o)
String::String(unsigned int, unsigned char)       E:\bahan mata kuliah politeknik telkom\ganjil 2013-2014\Sistem Interoperabilitas\Project Arduino\HID_Keyboard\build\/core_duemilanove328_16.a(WString.cpp.o)
String::String(unsigned int, unsigned char)       E:\bahan mata kuliah politeknik telkom\ganjil 2013-2014\Sistem Interoperabilitas\Project Arduino\HID_Keyboard\build\/core_duemilanove328_16.a(WString.cpp.o)
String::String(unsigned long, unsigned char)      E:\bahan mata kuliah politeknik telkom\ganjil 2013-2014\Sistem Interoperabilitas\Project Arduino\HID_Keyboard\build\/core_duemilanove328_16.a(WString.cpp.o)
String::String(unsigned long, unsigned char)      E:\bahan mata kuliah politeknik telkom\ganjil 2013-2014\Sistem Interoperabilitas\Project Arduino\HID_Keyboard\build\/core_duemilanove328_16.a(WString.cpp.o)
String::changeBuffer(unsigned int)                E:\bahan mata kuliah politeknik telkom\ganjil 2013-2014\Sistem Interoperabilitas\Project Arduino\HID_Keyboard\build\/core_duemilanove328_16.a(WString.cpp.o)
String::charAt(unsigned int) const                E:\bahan mata kuliah politeknik telkom\ganjil 2013-2014\Sistem Interoperabilitas\Project Arduino\HID_Keyboard\build\/core_duemilanove328_16.a(WString.cpp.o)
String::compareTo(String const&) const            E:\bahan mata kuliah politeknik telkom\ganjil 2013-2014\Sistem Interoperabilitas\Project Arduino\HID_Keyboard\build\/core_duemilanove328_16.a(WString.cpp.o)
String::concat(String const&)                     E:\bahan mata kuliah politeknik telkom\ganjil 2013-2014\Sistem Interoperabilitas\Project Arduino\HID_Keyboard\build\/core_duemilanove328_16.a(WString.cpp.o)
String::concat(char const*)                       E:\bahan mata kuliah politeknik telkom\ganjil 2013-2014\Sistem Interoperabilitas\Project Arduino\HID_Keyboard\build\/core_duemilanove328_16.a(WString.cpp.o)
String::concat(char const*, unsigned int)         E:\bahan mata kuliah politeknik telkom\ganjil 2013-2014\Sistem Interoperabilitas\Project Arduino\HID_Keyboard\build\/core_duemilanove328_16.a(WString.cpp.o)
String::concat(char)                              E:\bahan mata kuliah politeknik telkom\ganjil 2013-2014\Sistem Interoperabilitas\Project Arduino\HID_Keyboard\build\/core_duemilanove328_16.a(WString.cpp.o)
String::concat(int)                               E:\bahan mata kuliah politeknik telkom\ganjil 2013-2014\Sistem Interoperabilitas\Project Arduino\HID_Keyboard\build\/core_duemilanove328_16.a(WString.cpp.o)
String::concat(long)                              E:\bahan mata kuliah politeknik telkom\ganjil 2013-2014\Sistem Interoperabilitas\Project Arduino\HID_Keyboard\build\/core_duemilanove328_16.a(WString.cpp.o)
String::concat(unsigned char)                     E:\bahan mata kuliah politeknik telkom\ganjil 2013-2014\Sistem Interoperabilitas\Project Arduino\HID_Keyboard\build\/core_duemilanove328_16.a(WString.cpp.o)
String::concat(unsigned int)                      E:\bahan mata kuliah politeknik telkom\ganjil 2013-2014\Sistem Interoperabilitas\Project Arduino\HID_Keyboard\build\/core_duemilanove328_16.a(WString.cpp.o)
String::concat(unsigned long)                     E:\bahan mata kuliah politeknik telkom\ganjil 2013-2014\Sistem Interoperabilitas\Project Arduino\HID_Keyboard\build\/core_duemilanove328_16.a(WString.cpp.o)
String::copy(char const*, unsigned int)           E:\bahan mata kuliah politeknik telkom\ganjil 2013-2014\Sistem Interoperabilitas\Project Arduino\HID_Keyboard\build\/core_duemilanove328_16.a(WString.cpp.o)
String::endsWith(String const&) const             E:\bahan mata kuliah politeknik telkom\ganjil 2013-2014\Sistem Interoperabilitas\Project Arduino\HID_Keyboard\build\/core_duemilanove328_16.a(WString.cpp.o)
String::equals(String const&) const               E:\bahan mata kuliah politeknik telkom\ganjil 2013-2014\Sistem Interoperabilitas\Project Arduino\HID_Keyboard\build\/core_duemilanove328_16.a(WString.cpp.o)
String::equals(char const*) const                 E:\bahan mata kuliah politeknik telkom\ganjil 2013-2014\Sistem Interoperabilitas\Project Arduino\HID_Keyboard\build\/core_duemilanove328_16.a(WString.cpp.o)
String::equalsIgnoreCase(String const&) const     E:\bahan mata kuliah politeknik telkom\ganjil 2013-2014\Sistem Interoperabilitas\Project Arduino\HID_Keyboard\build\/core_duemilanove328_16.a(WString.cpp.o)
String::getBytes(unsigned char*, unsigned int, unsigned int) const E:\bahan mata kuliah politeknik telkom\ganjil 2013-2014\Sistem Interoperabilitas\Project Arduino\HID_Keyboard\build\/core_duemilanove328_16.a(WString.cpp.o)
String::indexOf(String const&) const              E:\bahan mata kuliah politeknik telkom\ganjil 2013-2014\Sistem Interoperabilitas\Project Arduino\HID_Keyboard\build\/core_duemilanove328_16.a(WString.cpp.o)
String::indexOf(String const&, unsigned int) const E:\bahan mata kuliah politeknik telkom\ganjil 2013-2014\Sistem Interoperabilitas\Project Arduino\HID_Keyboard\build\/core_duemilanove328_16.a(WString.cpp.o)
String::indexOf(char) const                       E:\bahan mata kuliah politeknik telkom\ganjil 2013-2014\Sistem Interoperabilitas\Project Arduino\HID_Keyboard\build\/core_duemilanove328_16.a(WString.cpp.o)
String::indexOf(char, unsigned int) const         E:\bahan mata kuliah politeknik telkom\ganjil 2013-2014\Sistem Interoperabilitas\Project Arduino\HID_Keyboard\build\/core_duemilanove328_16.a(WString.cpp.o)
String::invalidate()                              E:\bahan mata kuliah politeknik telkom\ganjil 2013-2014\Sistem Interoperabilitas\Project Arduino\HID_Keyboard\build\/core_duemilanove328_16.a(WString.cpp.o)
String::lastIndexOf(String const&) const          E:\bahan mata kuliah politeknik telkom\ganjil 2013-2014\Sistem Interoperabilitas\Project Arduino\HID_Keyboard\build\/core_duemilanove328_16.a(WString.cpp.o)
String::lastIndexOf(String const&, unsigned int) const E:\bahan mata kuliah politeknik telkom\ganjil 2013-2014\Sistem Interoperabilitas\Project Arduino\HID_Keyboard\build\/core_duemilanove328_16.a(WString.cpp.o)
String::lastIndexOf(char) const                   E:\bahan mata kuliah politeknik telkom\ganjil 2013-2014\Sistem Interoperabilitas\Project Arduino\HID_Keyboard\build\/core_duemilanove328_16.a(WString.cpp.o)
String::lastIndexOf(char, unsigned int) const     E:\bahan mata kuliah politeknik telkom\ganjil 2013-2014\Sistem Interoperabilitas\Project Arduino\HID_Keyboard\build\/core_duemilanove328_16.a(WString.cpp.o)
String::operator<(String const&) const            E:\bahan mata kuliah politeknik telkom\ganjil 2013-2014\Sistem Interoperabilitas\Project Arduino\HID_Keyboard\build\/core_duemilanove328_16.a(WString.cpp.o)
String::operator<=(String const&) const           E:\bahan mata kuliah politeknik telkom\ganjil 2013-2014\Sistem Interoperabilitas\Project Arduino\HID_Keyboard\build\/core_duemilanove328_16.a(WString.cpp.o)
String::operator=(String const&)                  E:\bahan mata kuliah politeknik telkom\ganjil 2013-2014\Sistem Interoperabilitas\Project Arduino\HID_Keyboard\build\/core_duemilanove328_16.a(WString.cpp.o)
String::operator=(char const*)                    E:\bahan mata kuliah politeknik telkom\ganjil 2013-2014\Sistem Interoperabilitas\Project Arduino\HID_Keyboard\build\/core_duemilanove328_16.a(WString.cpp.o)
String::operator>(String const&) const            E:\bahan mata kuliah politeknik telkom\ganjil 2013-2014\Sistem Interoperabilitas\Project Arduino\HID_Keyboard\build\/core_duemilanove328_16.a(WString.cpp.o)
String::operator>=(String const&) const           E:\bahan mata kuliah politeknik telkom\ganjil 2013-2014\Sistem Interoperabilitas\Project Arduino\HID_Keyboard\build\/core_duemilanove328_16.a(WString.cpp.o)
String::operator[](unsigned int)                  E:\bahan mata kuliah politeknik telkom\ganjil 2013-2014\Sistem Interoperabilitas\Project Arduino\HID_Keyboard\build\/core_duemilanove328_16.a(WString.cpp.o)
String::operator[](unsigned int) const            E:\bahan mata kuliah politeknik telkom\ganjil 2013-2014\Sistem Interoperabilitas\Project Arduino\HID_Keyboard\build\/core_duemilanove328_16.a(WString.cpp.o)
                                                  E:\bahan mata kuliah politeknik telkom\ganjil 2013-2014\Sistem Interoperabilitas\Project Arduino\HID_Keyboard\build\/core_duemilanove328_16.a(Print.cpp.o)
String::replace(String const&, String const&)     E:\bahan mata kuliah politeknik telkom\ganjil 2013-2014\Sistem Interoperabilitas\Project Arduino\HID_Keyboard\build\/core_duemilanove328_16.a(WString.cpp.o)
String::replace(char, char)                       E:\bahan mata kuliah politeknik telkom\ganjil 2013-2014\Sistem Interoperabilitas\Project Arduino\HID_Keyboard\build\/core_duemilanove328_16.a(WString.cpp.o)
String::reserve(unsigned int)                     E:\bahan mata kuliah politeknik telkom\ganjil 2013-2014\Sistem Interoperabilitas\Project Arduino\HID_Keyboard\build\/core_duemilanove328_16.a(WString.cpp.o)
String::setCharAt(unsigned int, char)             E:\bahan mata kuliah politeknik telkom\ganjil 2013-2014\Sistem Interoperabilitas\Project Arduino\HID_Keyboard\build\/core_duemilanove328_16.a(WString.cpp.o)
String::startsWith(String const&) const           E:\bahan mata kuliah politeknik telkom\ganjil 2013-2014\Sistem Interoperabilitas\Project Arduino\HID_Keyboard\build\/core_duemilanove328_16.a(WString.cpp.o)
String::startsWith(String const&, unsigned int) const E:\bahan mata kuliah politeknik telkom\ganjil 2013-2014\Sistem Interoperabilitas\Project Arduino\HID_Keyboard\build\/core_duemilanove328_16.a(WString.cpp.o)
String::substring(unsigned int) const             E:\bahan mata kuliah politeknik telkom\ganjil 2013-2014\Sistem Interoperabilitas\Project Arduino\HID_Keyboard\build\/core_duemilanove328_16.a(WString.cpp.o)
String::substring(unsigned int, unsigned int) const E:\bahan mata kuliah politeknik telkom\ganjil 2013-2014\Sistem Interoperabilitas\Project Arduino\HID_Keyboard\build\/core_duemilanove328_16.a(WString.cpp.o)
String::toInt() const                             E:\bahan mata kuliah politeknik telkom\ganjil 2013-2014\Sistem Interoperabilitas\Project Arduino\HID_Keyboard\build\/core_duemilanove328_16.a(WString.cpp.o)
String::toLowerCase()                             E:\bahan mata kuliah politeknik telkom\ganjil 2013-2014\Sistem Interoperabilitas\Project Arduino\HID_Keyboard\build\/core_duemilanove328_16.a(WString.cpp.o)
String::toUpperCase()                             E:\bahan mata kuliah politeknik telkom\ganjil 2013-2014\Sistem Interoperabilitas\Project Arduino\HID_Keyboard\build\/core_duemilanove328_16.a(WString.cpp.o)
String::trim()                                    E:\bahan mata kuliah politeknik telkom\ganjil 2013-2014\Sistem Interoperabilitas\Project Arduino\HID_Keyboard\build\/core_duemilanove328_16.a(WString.cpp.o)
String::~String()                                 E:\bahan mata kuliah politeknik telkom\ganjil 2013-2014\Sistem Interoperabilitas\Project Arduino\HID_Keyboard\build\/core_duemilanove328_16.a(WString.cpp.o)
String::~String()                                 E:\bahan mata kuliah politeknik telkom\ganjil 2013-2014\Sistem Interoperabilitas\Project Arduino\HID_Keyboard\build\/core_duemilanove328_16.a(WString.cpp.o)
USB::AttemptConfig(unsigned char, unsigned char, unsigned char, bool) E:\bahan mata kuliah politeknik telkom\ganjil 2013-2014\Sistem Interoperabilitas\Project Arduino\HID_Keyboard\build\/lib_duemilanove328_16.a(Usb.cpp.o)
USB::Configuring(unsigned char, unsigned char, bool) E:\bahan mata kuliah politeknik telkom\ganjil 2013-2014\Sistem Interoperabilitas\Project Arduino\HID_Keyboard\build\/lib_duemilanove328_16.a(Usb.cpp.o)
USB::DefaultAddressing(unsigned char, unsigned char, bool) E:\bahan mata kuliah politeknik telkom\ganjil 2013-2014\Sistem Interoperabilitas\Project Arduino\HID_Keyboard\build\/lib_duemilanove328_16.a(Usb.cpp.o)
USB::InTransfer(EpInfo*, unsigned int, unsigned int*, unsigned char*) E:\bahan mata kuliah politeknik telkom\ganjil 2013-2014\Sistem Interoperabilitas\Project Arduino\HID_Keyboard\build\/lib_duemilanove328_16.a(Usb.cpp.o)
USB::OutTransfer(EpInfo*, unsigned int, unsigned int, unsigned char*) E:\bahan mata kuliah politeknik telkom\ganjil 2013-2014\Sistem Interoperabilitas\Project Arduino\HID_Keyboard\build\/lib_duemilanove328_16.a(Usb.cpp.o)
USB::ReleaseDevice(unsigned char)                 E:\bahan mata kuliah politeknik telkom\ganjil 2013-2014\Sistem Interoperabilitas\Project Arduino\HID_Keyboard\build\/lib_duemilanove328_16.a(Usb.cpp.o)
USB::SetAddress(unsigned char, unsigned char, EpInfo**, unsigned int&) E:\bahan mata kuliah politeknik telkom\ganjil 2013-2014\Sistem Interoperabilitas\Project Arduino\HID_Keyboard\build\/lib_duemilanove328_16.a(Usb.cpp.o)
USB::Task()                                       E:\bahan mata kuliah politeknik telkom\ganjil 2013-2014\Sistem Interoperabilitas\Project Arduino\HID_Keyboard\build\/lib_duemilanove328_16.a(Usb.cpp.o)
                                                  build\HID_Keyboard.o
USB::USB()                                        E:\bahan mata kuliah politeknik telkom\ganjil 2013-2014\Sistem Interoperabilitas\Project Arduino\HID_Keyboard\build\/lib_duemilanove328_16.a(Usb.cpp.o)
USB::USB()                                        E:\bahan mata kuliah politeknik telkom\ganjil 2013-2014\Sistem Interoperabilitas\Project Arduino\HID_Keyboard\build\/lib_duemilanove328_16.a(Usb.cpp.o)
                                                  build\HID_Keyboard.o
USB::ctrlReq(unsigned char, unsigned char, unsigned char, unsigned char, unsigned char, unsigned char, unsigned int, unsigned int, unsigned int, unsigned char*, USBReadParser*) E:\bahan mata kuliah politeknik telkom\ganjil 2013-2014\Sistem Interoperabilitas\Project Arduino\HID_Keyboard\build\/lib_duemilanove328_16.a(Usb.cpp.o)
                                                  E:\bahan mata kuliah politeknik telkom\ganjil 2013-2014\Sistem Interoperabilitas\Project Arduino\HID_Keyboard\build\/lib_duemilanove328_16.a(hid.cpp.o)
USB::dispatchPkt(unsigned char, unsigned char, unsigned int) E:\bahan mata kuliah politeknik telkom\ganjil 2013-2014\Sistem Interoperabilitas\Project Arduino\HID_Keyboard\build\/lib_duemilanove328_16.a(Usb.cpp.o)
USB::getConfDescr(unsigned char, unsigned char, unsigned char, USBReadParser*) E:\bahan mata kuliah politeknik telkom\ganjil 2013-2014\Sistem Interoperabilitas\Project Arduino\HID_Keyboard\build\/lib_duemilanove328_16.a(Usb.cpp.o)
                                                  build\HID_Keyboard.o
USB::getConfDescr(unsigned char, unsigned char, unsigned int, unsigned char, unsigned char*) E:\bahan mata kuliah politeknik telkom\ganjil 2013-2014\Sistem Interoperabilitas\Project Arduino\HID_Keyboard\build\/lib_duemilanove328_16.a(Usb.cpp.o)
USB::getDevDescr(unsigned char, unsigned char, unsigned int, unsigned char*) E:\bahan mata kuliah politeknik telkom\ganjil 2013-2014\Sistem Interoperabilitas\Project Arduino\HID_Keyboard\build\/lib_duemilanove328_16.a(Usb.cpp.o)
                                                  build\HID_Keyboard.o
USB::getEpInfoEntry(unsigned char, unsigned char) E:\bahan mata kuliah politeknik telkom\ganjil 2013-2014\Sistem Interoperabilitas\Project Arduino\HID_Keyboard\build\/lib_duemilanove328_16.a(Usb.cpp.o)
USB::getStrDescr(unsigned char, unsigned char, unsigned int, unsigned char, unsigned int, unsigned char*) E:\bahan mata kuliah politeknik telkom\ganjil 2013-2014\Sistem Interoperabilitas\Project Arduino\HID_Keyboard\build\/lib_duemilanove328_16.a(Usb.cpp.o)
USB::getUsbTaskState()                            E:\bahan mata kuliah politeknik telkom\ganjil 2013-2014\Sistem Interoperabilitas\Project Arduino\HID_Keyboard\build\/lib_duemilanove328_16.a(Usb.cpp.o)
USB::inTransfer(unsigned char, unsigned char, unsigned int*, unsigned char*) E:\bahan mata kuliah politeknik telkom\ganjil 2013-2014\Sistem Interoperabilitas\Project Arduino\HID_Keyboard\build\/lib_duemilanove328_16.a(Usb.cpp.o)
                                                  build\HID_Keyboard.o
USB::init()                                       E:\bahan mata kuliah politeknik telkom\ganjil 2013-2014\Sistem Interoperabilitas\Project Arduino\HID_Keyboard\build\/lib_duemilanove328_16.a(Usb.cpp.o)
USB::outTransfer(unsigned char, unsigned char, unsigned int, unsigned char*) E:\bahan mata kuliah politeknik telkom\ganjil 2013-2014\Sistem Interoperabilitas\Project Arduino\HID_Keyboard\build\/lib_duemilanove328_16.a(Usb.cpp.o)
USB::setAddr(unsigned char, unsigned char, unsigned char) E:\bahan mata kuliah politeknik telkom\ganjil 2013-2014\Sistem Interoperabilitas\Project Arduino\HID_Keyboard\build\/lib_duemilanove328_16.a(Usb.cpp.o)
                                                  build\HID_Keyboard.o
USB::setConf(unsigned char, unsigned char, unsigned char) E:\bahan mata kuliah politeknik telkom\ganjil 2013-2014\Sistem Interoperabilitas\Project Arduino\HID_Keyboard\build\/lib_duemilanove328_16.a(Usb.cpp.o)
                                                  build\HID_Keyboard.o
USB::setEpInfoEntry(unsigned char, unsigned char, EpInfo*) E:\bahan mata kuliah politeknik telkom\ganjil 2013-2014\Sistem Interoperabilitas\Project Arduino\HID_Keyboard\build\/lib_duemilanove328_16.a(Usb.cpp.o)
                                                  build\HID_Keyboard.o
USB::setUsbTaskState(unsigned char)               E:\bahan mata kuliah politeknik telkom\ganjil 2013-2014\Sistem Interoperabilitas\Project Arduino\HID_Keyboard\build\/lib_duemilanove328_16.a(Usb.cpp.o)
USBDeviceConfig::ConfigureDevice(unsigned char, unsigned char, bool) build\HID_Keyboard.o
USBDeviceConfig::DEVCLASSOK(unsigned char)        build\HID_Keyboard.o
USBDeviceConfig::GetAddress()                     build\HID_Keyboard.o
USBDeviceConfig::Init(unsigned char, unsigned char, bool) build\HID_Keyboard.o
USBDeviceConfig::Poll()                           build\HID_Keyboard.o
USBDeviceConfig::Release()                        build\HID_Keyboard.o
USBDeviceConfig::ResetHubPort(unsigned char)      build\HID_Keyboard.o
USBDeviceConfig::VIDPIDOK(unsigned int, unsigned int) build\HID_Keyboard.o
Usb                                               build\HID_Keyboard.o
__addsf3                                          e:/codeblocks-arduino baru/codeblocks/bin/../lib/gcc/avr/4.3.3/../../../../avr/lib/avr5\libm.a(addsf3.o)
                                                  E:\bahan mata kuliah politeknik telkom\ganjil 2013-2014\Sistem Interoperabilitas\Project Arduino\HID_Keyboard\build\/core_duemilanove328_16.a(Print.cpp.o)
__addsf3x                                         e:/codeblocks-arduino baru/codeblocks/bin/../lib/gcc/avr/4.3.3/../../../../avr/lib/avr5\libm.a(addsf3x.o)
                                                  e:/codeblocks-arduino baru/codeblocks/bin/../lib/gcc/avr/4.3.3/../../../../avr/lib/avr5\libm.a(addsf3.o)
__bad_interrupt                                   e:/codeblocks-arduino baru/codeblocks/bin/../lib/gcc/avr/4.3.3/../../../../avr/lib/avr5/crtm328p.o
__brkval                                          e:/codeblocks-arduino baru/codeblocks/bin/../lib/gcc/avr/4.3.3/../../../../avr/lib/avr5\libc.a(realloc.o)
                                                  e:/codeblocks-arduino baru/codeblocks/bin/../lib/gcc/avr/4.3.3/../../../../avr/lib/avr5\libc.a(malloc.o)
__bss_end                                         e:/codeblocks-arduino baru/codeblocks/bin/../lib/gcc/avr/4.3.3/avr5\libgcc.a(_clear_bss.o)
__bss_start                                       e:/codeblocks-arduino baru/codeblocks/bin/../lib/gcc/avr/4.3.3/avr5\libgcc.a(_clear_bss.o)
__cmpsf2                                          e:/codeblocks-arduino baru/codeblocks/bin/../lib/gcc/avr/4.3.3/../../../../avr/lib/avr5\libm.a(cmpsf2.o)
__ctors_end                                       e:/codeblocks-arduino baru/codeblocks/bin/../lib/gcc/avr/4.3.3/avr5\libgcc.a(_ctors.o)
__ctors_start                                     e:/codeblocks-arduino baru/codeblocks/bin/../lib/gcc/avr/4.3.3/avr5\libgcc.a(_ctors.o)
__ctype_isfalse                                   e:/codeblocks-arduino baru/codeblocks/bin/../lib/gcc/avr/4.3.3/../../../../avr/lib/avr5\libc.a(cty_isfalse.o)
                                                  e:/codeblocks-arduino baru/codeblocks/bin/../lib/gcc/avr/4.3.3/../../../../avr/lib/avr5\libc.a(isspace.o)
__ctype_istrue                                    e:/codeblocks-arduino baru/codeblocks/bin/../lib/gcc/avr/4.3.3/../../../../avr/lib/avr5\libc.a(cty_isfalse.o)
__cxa_guard_abort                                 E:\bahan mata kuliah politeknik telkom\ganjil 2013-2014\Sistem Interoperabilitas\Project Arduino\HID_Keyboard\build\/core_duemilanove328_16.a(new.cpp.o)
__cxa_guard_acquire                               E:\bahan mata kuliah politeknik telkom\ganjil 2013-2014\Sistem Interoperabilitas\Project Arduino\HID_Keyboard\build\/core_duemilanove328_16.a(new.cpp.o)
__cxa_guard_release                               E:\bahan mata kuliah politeknik telkom\ganjil 2013-2014\Sistem Interoperabilitas\Project Arduino\HID_Keyboard\build\/core_duemilanove328_16.a(new.cpp.o)
__cxa_pure_virtual                                E:\bahan mata kuliah politeknik telkom\ganjil 2013-2014\Sistem Interoperabilitas\Project Arduino\HID_Keyboard\build\/core_duemilanove328_16.a(new.cpp.o)
                                                  E:\bahan mata kuliah politeknik telkom\ganjil 2013-2014\Sistem Interoperabilitas\Project Arduino\HID_Keyboard\build\/core_duemilanove328_16.a(Print.cpp.o)
                                                  E:\bahan mata kuliah politeknik telkom\ganjil 2013-2014\Sistem Interoperabilitas\Project Arduino\HID_Keyboard\build\/core_duemilanove328_16.a(HardwareSerial.cpp.o)
                                                  E:\bahan mata kuliah politeknik telkom\ganjil 2013-2014\Sistem Interoperabilitas\Project Arduino\HID_Keyboard\build\/lib_duemilanove328_16.a(Usb.cpp.o)
                                                  build\HID_Keyboard.o
__data_end                                        e:/codeblocks-arduino baru/codeblocks/bin/../lib/gcc/avr/4.3.3/avr5\libgcc.a(_copy_data.o)
__data_load_start                                 e:/codeblocks-arduino baru/codeblocks/bin/../lib/gcc/avr/4.3.3/avr5\libgcc.a(_copy_data.o)
__data_start                                      e:/codeblocks-arduino baru/codeblocks/bin/../lib/gcc/avr/4.3.3/avr5\libgcc.a(_copy_data.o)
__divsf3                                          e:/codeblocks-arduino baru/codeblocks/bin/../lib/gcc/avr/4.3.3/../../../../avr/lib/avr5\libm.a(divsf3.o)
                                                  E:\bahan mata kuliah politeknik telkom\ganjil 2013-2014\Sistem Interoperabilitas\Project Arduino\HID_Keyboard\build\/core_duemilanove328_16.a(Print.cpp.o)
__divsf3_pse                                      e:/codeblocks-arduino baru/codeblocks/bin/../lib/gcc/avr/4.3.3/../../../../avr/lib/avr5\libm.a(divsf3x.o)
__divsf3x                                         e:/codeblocks-arduino baru/codeblocks/bin/../lib/gcc/avr/4.3.3/../../../../avr/lib/avr5\libm.a(divsf3x.o)
                                                  e:/codeblocks-arduino baru/codeblocks/bin/../lib/gcc/avr/4.3.3/../../../../avr/lib/avr5\libm.a(divsf3.o)
__do_clear_bss                                    e:/codeblocks-arduino baru/codeblocks/bin/../lib/gcc/avr/4.3.3/avr5\libgcc.a(_clear_bss.o)
                                                  e:/codeblocks-arduino baru/codeblocks/bin/../lib/gcc/avr/4.3.3/../../../../avr/lib/avr5\libc.a(realloc.o)
                                                  e:/codeblocks-arduino baru/codeblocks/bin/../lib/gcc/avr/4.3.3/../../../../avr/lib/avr5\libc.a(malloc.o)
                                                  E:\bahan mata kuliah politeknik telkom\ganjil 2013-2014\Sistem Interoperabilitas\Project Arduino\HID_Keyboard\build\/core_duemilanove328_16.a(WString.cpp.o)
                                                  E:\bahan mata kuliah politeknik telkom\ganjil 2013-2014\Sistem Interoperabilitas\Project Arduino\HID_Keyboard\build\/core_duemilanove328_16.a(wiring.c.o)
                                                  E:\bahan mata kuliah politeknik telkom\ganjil 2013-2014\Sistem Interoperabilitas\Project Arduino\HID_Keyboard\build\/core_duemilanove328_16.a(HardwareSerial.cpp.o)
                                                  E:\bahan mata kuliah politeknik telkom\ganjil 2013-2014\Sistem Interoperabilitas\Project Arduino\HID_Keyboard\build\/lib_duemilanove328_16.a(Usb.cpp.o)
                                                  build\HID_Keyboard.o
__do_copy_data                                    e:/codeblocks-arduino baru/codeblocks/bin/../lib/gcc/avr/4.3.3/avr5\libgcc.a(_copy_data.o)
                                                  e:/codeblocks-arduino baru/codeblocks/bin/../lib/gcc/avr/4.3.3/../../../../avr/lib/avr5\libc.a(realloc.o)
                                                  e:/codeblocks-arduino baru/codeblocks/bin/../lib/gcc/avr/4.3.3/../../../../avr/lib/avr5\libc.a(malloc.o)
                                                  E:\bahan mata kuliah politeknik telkom\ganjil 2013-2014\Sistem Interoperabilitas\Project Arduino\HID_Keyboard\build\/core_duemilanove328_16.a(WString.cpp.o)
                                                  E:\bahan mata kuliah politeknik telkom\ganjil 2013-2014\Sistem Interoperabilitas\Project Arduino\HID_Keyboard\build\/core_duemilanove328_16.a(Print.cpp.o)
                                                  E:\bahan mata kuliah politeknik telkom\ganjil 2013-2014\Sistem Interoperabilitas\Project Arduino\HID_Keyboard\build\/core_duemilanove328_16.a(HardwareSerial.cpp.o)
                                                  E:\bahan mata kuliah politeknik telkom\ganjil 2013-2014\Sistem Interoperabilitas\Project Arduino\HID_Keyboard\build\/lib_duemilanove328_16.a(Usb.cpp.o)
                                                  E:\bahan mata kuliah politeknik telkom\ganjil 2013-2014\Sistem Interoperabilitas\Project Arduino\HID_Keyboard\build\/lib_duemilanove328_16.a(hidboot.cpp.o)
                                                  build\HID_Keyboard.o
__do_global_ctors                                 e:/codeblocks-arduino baru/codeblocks/bin/../lib/gcc/avr/4.3.3/avr5\libgcc.a(_ctors.o)
                                                  E:\bahan mata kuliah politeknik telkom\ganjil 2013-2014\Sistem Interoperabilitas\Project Arduino\HID_Keyboard\build\/core_duemilanove328_16.a(HardwareSerial.cpp.o)
                                                  build\HID_Keyboard.o
__epilogue_restores__                             e:/codeblocks-arduino baru/codeblocks/bin/../lib/gcc/avr/4.3.3/avr5\libgcc.a(_epilogue.o)
                                                  e:/codeblocks-arduino baru/codeblocks/bin/../lib/gcc/avr/4.3.3/../../../../avr/lib/avr5\libc.a(realloc.o)
__eqsf2                                           e:/codeblocks-arduino baru/codeblocks/bin/../lib/gcc/avr/4.3.3/../../../../avr/lib/avr5\libm.a(cmpsf2.o)
__fixsfsi                                         e:/codeblocks-arduino baru/codeblocks/bin/../lib/gcc/avr/4.3.3/../../../../avr/lib/avr5\libm.a(fixsfsi.o)
                                                  E:\bahan mata kuliah politeknik telkom\ganjil 2013-2014\Sistem Interoperabilitas\Project Arduino\HID_Keyboard\build\/core_duemilanove328_16.a(Print.cpp.o)
__fixunssfsi                                      e:/codeblocks-arduino baru/codeblocks/bin/../lib/gcc/avr/4.3.3/../../../../avr/lib/avr5\libm.a(fixunssfsi.o)
                                                  e:/codeblocks-arduino baru/codeblocks/bin/../lib/gcc/avr/4.3.3/../../../../avr/lib/avr5\libm.a(fixsfsi.o)
                                                  E:\bahan mata kuliah politeknik telkom\ganjil 2013-2014\Sistem Interoperabilitas\Project Arduino\HID_Keyboard\build\/core_duemilanove328_16.a(Print.cpp.o)
__floatsisf                                       e:/codeblocks-arduino baru/codeblocks/bin/../lib/gcc/avr/4.3.3/../../../../avr/lib/avr5\libm.a(floatsisf.o)
                                                  E:\bahan mata kuliah politeknik telkom\ganjil 2013-2014\Sistem Interoperabilitas\Project Arduino\HID_Keyboard\build\/core_duemilanove328_16.a(Print.cpp.o)
__floatunsisf                                     e:/codeblocks-arduino baru/codeblocks/bin/../lib/gcc/avr/4.3.3/../../../../avr/lib/avr5\libm.a(floatsisf.o)
                                                  E:\bahan mata kuliah politeknik telkom\ganjil 2013-2014\Sistem Interoperabilitas\Project Arduino\HID_Keyboard\build\/core_duemilanove328_16.a(Print.cpp.o)
__flp                                             e:/codeblocks-arduino baru/codeblocks/bin/../lib/gcc/avr/4.3.3/../../../../avr/lib/avr5\libc.a(realloc.o)
                                                  e:/codeblocks-arduino baru/codeblocks/bin/../lib/gcc/avr/4.3.3/../../../../avr/lib/avr5\libc.a(malloc.o)
__fp_cmp                                          e:/codeblocks-arduino baru/codeblocks/bin/../lib/gcc/avr/4.3.3/../../../../avr/lib/avr5\libm.a(fp_cmp.o)
                                                  e:/codeblocks-arduino baru/codeblocks/bin/../lib/gcc/avr/4.3.3/../../../../avr/lib/avr5\libm.a(unordsf2.o)
                                                  e:/codeblocks-arduino baru/codeblocks/bin/../lib/gcc/avr/4.3.3/../../../../avr/lib/avr5\libm.a(gesf2.o)
                                                  e:/codeblocks-arduino baru/codeblocks/bin/../lib/gcc/avr/4.3.3/../../../../avr/lib/avr5\libm.a(cmpsf2.o)
__fp_inf                                          e:/codeblocks-arduino baru/codeblocks/bin/../lib/gcc/avr/4.3.3/../../../../avr/lib/avr5\libm.a(fp_inf.o)
                                                  e:/codeblocks-arduino baru/codeblocks/bin/../lib/gcc/avr/4.3.3/../../../../avr/lib/avr5\libm.a(mulsf3x.o)
                                                  e:/codeblocks-arduino baru/codeblocks/bin/../lib/gcc/avr/4.3.3/../../../../avr/lib/avr5\libm.a(divsf3x.o)
                                                  e:/codeblocks-arduino baru/codeblocks/bin/../lib/gcc/avr/4.3.3/../../../../avr/lib/avr5\libm.a(addsf3x.o)
__fp_nan                                          e:/codeblocks-arduino baru/codeblocks/bin/../lib/gcc/avr/4.3.3/../../../../avr/lib/avr5\libm.a(fp_nan.o)
                                                  e:/codeblocks-arduino baru/codeblocks/bin/../lib/gcc/avr/4.3.3/../../../../avr/lib/avr5\libm.a(mulsf3x.o)
                                                  e:/codeblocks-arduino baru/codeblocks/bin/../lib/gcc/avr/4.3.3/../../../../avr/lib/avr5\libm.a(divsf3x.o)
                                                  e:/codeblocks-arduino baru/codeblocks/bin/../lib/gcc/avr/4.3.3/../../../../avr/lib/avr5\libm.a(addsf3x.o)
__fp_pscA                                         e:/codeblocks-arduino baru/codeblocks/bin/../lib/gcc/avr/4.3.3/../../../../avr/lib/avr5\libm.a(fp_pscA.o)
                                                  e:/codeblocks-arduino baru/codeblocks/bin/../lib/gcc/avr/4.3.3/../../../../avr/lib/avr5\libm.a(mulsf3x.o)
                                                  e:/codeblocks-arduino baru/codeblocks/bin/../lib/gcc/avr/4.3.3/../../../../avr/lib/avr5\libm.a(divsf3x.o)
                                                  e:/codeblocks-arduino baru/codeblocks/bin/../lib/gcc/avr/4.3.3/../../../../avr/lib/avr5\libm.a(addsf3x.o)
__fp_pscB                                         e:/codeblocks-arduino baru/codeblocks/bin/../lib/gcc/avr/4.3.3/../../../../avr/lib/avr5\libm.a(fp_pscB.o)
                                                  e:/codeblocks-arduino baru/codeblocks/bin/../lib/gcc/avr/4.3.3/../../../../avr/lib/avr5\libm.a(mulsf3x.o)
                                                  e:/codeblocks-arduino baru/codeblocks/bin/../lib/gcc/avr/4.3.3/../../../../avr/lib/avr5\libm.a(divsf3x.o)
                                                  e:/codeblocks-arduino baru/codeblocks/bin/../lib/gcc/avr/4.3.3/../../../../avr/lib/avr5\libm.a(addsf3x.o)
__fp_round                                        e:/codeblocks-arduino baru/codeblocks/bin/../lib/gcc/avr/4.3.3/../../../../avr/lib/avr5\libm.a(fp_round.o)
                                                  e:/codeblocks-arduino baru/codeblocks/bin/../lib/gcc/avr/4.3.3/../../../../avr/lib/avr5\libm.a(mulsf3.o)
                                                  e:/codeblocks-arduino baru/codeblocks/bin/../lib/gcc/avr/4.3.3/../../../../avr/lib/avr5\libm.a(divsf3.o)
                                                  e:/codeblocks-arduino baru/codeblocks/bin/../lib/gcc/avr/4.3.3/../../../../avr/lib/avr5\libm.a(addsf3.o)
__fp_split3                                       e:/codeblocks-arduino baru/codeblocks/bin/../lib/gcc/avr/4.3.3/../../../../avr/lib/avr5\libm.a(fp_split3.o)
                                                  e:/codeblocks-arduino baru/codeblocks/bin/../lib/gcc/avr/4.3.3/../../../../avr/lib/avr5\libm.a(mulsf3x.o)
                                                  e:/codeblocks-arduino baru/codeblocks/bin/../lib/gcc/avr/4.3.3/../../../../avr/lib/avr5\libm.a(divsf3x.o)
                                                  e:/codeblocks-arduino baru/codeblocks/bin/../lib/gcc/avr/4.3.3/../../../../avr/lib/avr5\libm.a(addsf3x.o)
__fp_splitA                                       e:/codeblocks-arduino baru/codeblocks/bin/../lib/gcc/avr/4.3.3/../../../../avr/lib/avr5\libm.a(fp_split3.o)
                                                  e:/codeblocks-arduino baru/codeblocks/bin/../lib/gcc/avr/4.3.3/../../../../avr/lib/avr5\libm.a(fixunssfsi.o)
__fp_szero                                        e:/codeblocks-arduino baru/codeblocks/bin/../lib/gcc/avr/4.3.3/../../../../avr/lib/avr5\libm.a(fp_zero.o)
                                                  e:/codeblocks-arduino baru/codeblocks/bin/../lib/gcc/avr/4.3.3/../../../../avr/lib/avr5\libm.a(mulsf3x.o)
                                                  e:/codeblocks-arduino baru/codeblocks/bin/../lib/gcc/avr/4.3.3/../../../../avr/lib/avr5\libm.a(fixsfsi.o)
                                                  e:/codeblocks-arduino baru/codeblocks/bin/../lib/gcc/avr/4.3.3/../../../../avr/lib/avr5\libm.a(divsf3x.o)
__fp_zero                                         e:/codeblocks-arduino baru/codeblocks/bin/../lib/gcc/avr/4.3.3/../../../../avr/lib/avr5\libm.a(fp_zero.o)
                                                  e:/codeblocks-arduino baru/codeblocks/bin/../lib/gcc/avr/4.3.3/../../../../avr/lib/avr5\libm.a(fixunssfsi.o)
                                                  e:/codeblocks-arduino baru/codeblocks/bin/../lib/gcc/avr/4.3.3/../../../../avr/lib/avr5\libm.a(addsf3x.o)
__gesf2                                           e:/codeblocks-arduino baru/codeblocks/bin/../lib/gcc/avr/4.3.3/../../../../avr/lib/avr5\libm.a(gesf2.o)
__gtsf2                                           e:/codeblocks-arduino baru/codeblocks/bin/../lib/gcc/avr/4.3.3/../../../../avr/lib/avr5\libm.a(gesf2.o)
                                                  E:\bahan mata kuliah politeknik telkom\ganjil 2013-2014\Sistem Interoperabilitas\Project Arduino\HID_Keyboard\build\/core_duemilanove328_16.a(Print.cpp.o)
__heap_end                                        e:/codeblocks-arduino baru/codeblocks/bin/../lib/gcc/avr/4.3.3/../../../../avr/lib/avr5/crtm328p.o
                                                  e:/codeblocks-arduino baru/codeblocks/bin/../lib/gcc/avr/4.3.3/../../../../avr/lib/avr5\libc.a(malloc.o)
__heap_start                                      e:/codeblocks-arduino baru/codeblocks/bin/../lib/gcc/avr/4.3.3/../../../../avr/lib/avr5\libc.a(malloc.o)
__init                                            e:/codeblocks-arduino baru/codeblocks/bin/../lib/gcc/avr/4.3.3/../../../../avr/lib/avr5/crtm328p.o
__lesf2                                           e:/codeblocks-arduino baru/codeblocks/bin/../lib/gcc/avr/4.3.3/../../../../avr/lib/avr5\libm.a(cmpsf2.o)
                                                  E:\bahan mata kuliah politeknik telkom\ganjil 2013-2014\Sistem Interoperabilitas\Project Arduino\HID_Keyboard\build\/core_duemilanove328_16.a(Print.cpp.o)
__ltsf2                                           e:/codeblocks-arduino baru/codeblocks/bin/../lib/gcc/avr/4.3.3/../../../../avr/lib/avr5\libm.a(cmpsf2.o)
                                                  E:\bahan mata kuliah politeknik telkom\ganjil 2013-2014\Sistem Interoperabilitas\Project Arduino\HID_Keyboard\build\/core_duemilanove328_16.a(Print.cpp.o)
__malloc_heap_end                                 e:/codeblocks-arduino baru/codeblocks/bin/../lib/gcc/avr/4.3.3/../../../../avr/lib/avr5\libc.a(malloc.o)
                                                  e:/codeblocks-arduino baru/codeblocks/bin/../lib/gcc/avr/4.3.3/../../../../avr/lib/avr5\libc.a(realloc.o)
__malloc_heap_start                               e:/codeblocks-arduino baru/codeblocks/bin/../lib/gcc/avr/4.3.3/../../../../avr/lib/avr5\libc.a(malloc.o)
__malloc_margin                                   e:/codeblocks-arduino baru/codeblocks/bin/../lib/gcc/avr/4.3.3/../../../../avr/lib/avr5\libc.a(malloc.o)
                                                  e:/codeblocks-arduino baru/codeblocks/bin/../lib/gcc/avr/4.3.3/../../../../avr/lib/avr5\libc.a(realloc.o)